core_cm4.h:1872:26:ITM_SendChar	16	static,ignoring_inline_asm
main.c:291:5:_write	32	static
main.c:321:5:main	248	static
main.c:444:6:SystemClock_Config	160	static
main.c:492:13:MX_ADC1_Init	48	static
main.c:603:13:MX_ADC2_Init	32	static
main.c:690:13:MX_ADC3_Init	48	static
main.c:782:13:MX_ADC4_Init	32	static
main.c:875:13:MX_CAN_Init	8	static
main.c:914:13:MX_TIM1_Init	112	static
main.c:998:13:MX_TIM2_Init	40	static
main.c:1043:13:MX_USART3_UART_Init	8	static
main.c:1076:13:MX_DMA_Init	16	static
main.c:1107:13:MX_GPIO_Init	40	static
main.c:1168:6:updateADC3Vars	24	static
main.c:1187:6:updateADC2Vars	32	static
main.c:1212:6:updateADC1Vars	32	static
main.c:1241:6:updateADC4Vars	24	static
main.c:1267:6:calculateActualValues	16	static
main.c:1300:6:calculateTemps	24	static
main.c:1314:6:initialisePIDController	4	static
main.c:1337:6:executeOperation	24	static
main.c:1421:6:applyPID	4	static
main.c:1516:6:balanceCells	56	static
main.c:1611:6:healthCheck	8	static
main.c:1690:6:blinkErrorCode	40	static
main.c:1802:6:goToSleep	8	static
main.c:1832:13:CAN_FilterConfig	48	static
main.c:1859:6:HAL_CAN_RxCpltCallback	88	static
main.c:1889:6:HAL_ADC_ConvCpltCallback	16	static
main.c:1898:6:HAL_TIM_PeriodElapsedCallback	24	static
main.c:1993:6:HAL_UART_RxCpltCallback	88	static
main.c:2015:6:HAL_GPIO_EXTI_Callback	16	static
main.c:2040:6:Error_Handler	4	static
