Archive member included to satisfy reference by file (symbol)

c:/st/stm32cubeide_1.3.0/stm32cubeide/plugins/com.st.stm32cube.ide.mcu.externaltools.gnu-tools-for-stm32.7-2018-q2-update.win32_1.0.0.201904181610/tools/bin/../lib/gcc/arm-none-eabi/7.3.1/../../../../arm-none-eabi/lib/thumb/v7e-m/fpv4-sp/hard\libc_nano.a(lib_a-atoi.o)
                              Src/main.o (atoi)
c:/st/stm32cubeide_1.3.0/stm32cubeide/plugins/com.st.stm32cube.ide.mcu.externaltools.gnu-tools-for-stm32.7-2018-q2-update.win32_1.0.0.201904181610/tools/bin/../lib/gcc/arm-none-eabi/7.3.1/../../../../arm-none-eabi/lib/thumb/v7e-m/fpv4-sp/hard\libc_nano.a(lib_a-errno.o)
                              Src/syscalls.o (__errno)
c:/st/stm32cubeide_1.3.0/stm32cubeide/plugins/com.st.stm32cube.ide.mcu.externaltools.gnu-tools-for-stm32.7-2018-q2-update.win32_1.0.0.201904181610/tools/bin/../lib/gcc/arm-none-eabi/7.3.1/../../../../arm-none-eabi/lib/thumb/v7e-m/fpv4-sp/hard\libc_nano.a(lib_a-exit.o)
                              c:/st/stm32cubeide_1.3.0/stm32cubeide/plugins/com.st.stm32cube.ide.mcu.externaltools.gnu-tools-for-stm32.7-2018-q2-update.win32_1.0.0.201904181610/tools/bin/../lib/gcc/arm-none-eabi/7.3.1/../../../../arm-none-eabi/lib/thumb/v7e-m/fpv4-sp/hard/crt0.o (exit)
c:/st/stm32cubeide_1.3.0/stm32cubeide/plugins/com.st.stm32cube.ide.mcu.externaltools.gnu-tools-for-stm32.7-2018-q2-update.win32_1.0.0.201904181610/tools/bin/../lib/gcc/arm-none-eabi/7.3.1/../../../../arm-none-eabi/lib/thumb/v7e-m/fpv4-sp/hard\libc_nano.a(lib_a-impure.o)
                              c:/st/stm32cubeide_1.3.0/stm32cubeide/plugins/com.st.stm32cube.ide.mcu.externaltools.gnu-tools-for-stm32.7-2018-q2-update.win32_1.0.0.201904181610/tools/bin/../lib/gcc/arm-none-eabi/7.3.1/../../../../arm-none-eabi/lib/thumb/v7e-m/fpv4-sp/hard\libc_nano.a(lib_a-exit.o) (_global_impure_ptr)
c:/st/stm32cubeide_1.3.0/stm32cubeide/plugins/com.st.stm32cube.ide.mcu.externaltools.gnu-tools-for-stm32.7-2018-q2-update.win32_1.0.0.201904181610/tools/bin/../lib/gcc/arm-none-eabi/7.3.1/../../../../arm-none-eabi/lib/thumb/v7e-m/fpv4-sp/hard\libc_nano.a(lib_a-init.o)
                              c:/st/stm32cubeide_1.3.0/stm32cubeide/plugins/com.st.stm32cube.ide.mcu.externaltools.gnu-tools-for-stm32.7-2018-q2-update.win32_1.0.0.201904181610/tools/bin/../lib/gcc/arm-none-eabi/7.3.1/../../../../arm-none-eabi/lib/thumb/v7e-m/fpv4-sp/hard/crt0.o (__libc_init_array)
c:/st/stm32cubeide_1.3.0/stm32cubeide/plugins/com.st.stm32cube.ide.mcu.externaltools.gnu-tools-for-stm32.7-2018-q2-update.win32_1.0.0.201904181610/tools/bin/../lib/gcc/arm-none-eabi/7.3.1/../../../../arm-none-eabi/lib/thumb/v7e-m/fpv4-sp/hard\libc_nano.a(lib_a-memset.o)
                              c:/st/stm32cubeide_1.3.0/stm32cubeide/plugins/com.st.stm32cube.ide.mcu.externaltools.gnu-tools-for-stm32.7-2018-q2-update.win32_1.0.0.201904181610/tools/bin/../lib/gcc/arm-none-eabi/7.3.1/../../../../arm-none-eabi/lib/thumb/v7e-m/fpv4-sp/hard/crt0.o (memset)
c:/st/stm32cubeide_1.3.0/stm32cubeide/plugins/com.st.stm32cube.ide.mcu.externaltools.gnu-tools-for-stm32.7-2018-q2-update.win32_1.0.0.201904181610/tools/bin/../lib/gcc/arm-none-eabi/7.3.1/../../../../arm-none-eabi/lib/thumb/v7e-m/fpv4-sp/hard\libc_nano.a(lib_a-sprintf.o)
                              Src/main.o (sprintf)
c:/st/stm32cubeide_1.3.0/stm32cubeide/plugins/com.st.stm32cube.ide.mcu.externaltools.gnu-tools-for-stm32.7-2018-q2-update.win32_1.0.0.201904181610/tools/bin/../lib/gcc/arm-none-eabi/7.3.1/../../../../arm-none-eabi/lib/thumb/v7e-m/fpv4-sp/hard\libc_nano.a(lib_a-strcmp.o)
                              Src/main.o (strcmp)
c:/st/stm32cubeide_1.3.0/stm32cubeide/plugins/com.st.stm32cube.ide.mcu.externaltools.gnu-tools-for-stm32.7-2018-q2-update.win32_1.0.0.201904181610/tools/bin/../lib/gcc/arm-none-eabi/7.3.1/../../../../arm-none-eabi/lib/thumb/v7e-m/fpv4-sp/hard\libc_nano.a(lib_a-strlen.o)
                              Src/main.o (strlen)
c:/st/stm32cubeide_1.3.0/stm32cubeide/plugins/com.st.stm32cube.ide.mcu.externaltools.gnu-tools-for-stm32.7-2018-q2-update.win32_1.0.0.201904181610/tools/bin/../lib/gcc/arm-none-eabi/7.3.1/../../../../arm-none-eabi/lib/thumb/v7e-m/fpv4-sp/hard\libc_nano.a(lib_a-strtol.o)
                              c:/st/stm32cubeide_1.3.0/stm32cubeide/plugins/com.st.stm32cube.ide.mcu.externaltools.gnu-tools-for-stm32.7-2018-q2-update.win32_1.0.0.201904181610/tools/bin/../lib/gcc/arm-none-eabi/7.3.1/../../../../arm-none-eabi/lib/thumb/v7e-m/fpv4-sp/hard\libc_nano.a(lib_a-atoi.o) (_strtol_r)
c:/st/stm32cubeide_1.3.0/stm32cubeide/plugins/com.st.stm32cube.ide.mcu.externaltools.gnu-tools-for-stm32.7-2018-q2-update.win32_1.0.0.201904181610/tools/bin/../lib/gcc/arm-none-eabi/7.3.1/../../../../arm-none-eabi/lib/thumb/v7e-m/fpv4-sp/hard\libc_nano.a(lib_a-locale.o)
[...]
Memory Configuration

Name             Origin             Length             Attributes
CCMRAM           0x0000000010000000 0x0000000000004000 xrw
RAM              0x0000000020000000 0x0000000000010000 xrw
FLASH            0x0000000008000000 0x0000000000080000 xr
*default*        0x0000000000000000 0xffffffffffffffff

Linker script and memory map

LOAD c:/st/stm32cubeide_1.3.0/stm32cubeide/plugins/com.st.stm32cube.ide.mcu.externaltools.gnu-tools-for-stm32.7-2018-q2-update.win32_1.0.0.201904181610/tools/bin/../lib/gcc/arm-none-eabi/7.3.1/thumb/v7e-m/fpv4-sp/hard/crti.o
LOAD c:/st/stm32cubeide_1.3.0/stm32cubeide/plugins/com.st.stm32cube.ide.mcu.externaltools.gnu-tools-for-stm32.7-2018-q2-update.win32_1.0.0.201904181610/tools/bin/../lib/gcc/arm-none-eabi/7.3.1/thumb/v7e-m/fpv4-sp/hard/crtbegin.o
LOAD c:/st/stm32cubeide_1.3.0/stm32cubeide/plugins/com.st.stm32cube.ide.mcu.externaltools.gnu-tools-for-stm32.7-2018-q2-update.win32_1.0.0.201904181610/tools/bin/../lib/gcc/arm-none-eabi/7.3.1/../../../../arm-none-eabi/lib/thumb/v7e-m/fpv4-sp/hard/crt0.o
LOAD Drivers/STM32F3xx_HAL_Driver/stm32f3xx_hal.o
LOAD Drivers/STM32F3xx_HAL_Driver/stm32f3xx_hal_adc.o
LOAD Drivers/STM32F3xx_HAL_Driver/stm32f3xx_hal_adc_ex.o
LOAD Drivers/STM32F3xx_HAL_Driver/stm32f3xx_hal_can.o
LOAD Drivers/STM32F3xx_HAL_Driver/stm32f3xx_hal_cortex.o
LOAD Drivers/STM32F3xx_HAL_Driver/stm32f3xx_hal_dma.o
LOAD Drivers/STM32F3xx_HAL_Driver/stm32f3xx_hal_flash.o
LOAD Drivers/STM32F3xx_HAL_Driver/stm32f3xx_hal_flash_ex.o
LOAD Drivers/STM32F3xx_HAL_Driver/stm32f3xx_hal_gpio.o
LOAD Drivers/STM32F3xx_HAL_Driver/stm32f3xx_hal_i2c.o
LOAD Drivers/STM32F3xx_HAL_Driver/stm32f3xx_hal_i2c_ex.o
LOAD Drivers/STM32F3xx_HAL_Driver/stm32f3xx_hal_pwr.o
LOAD Drivers/STM32F3xx_HAL_Driver/stm32f3xx_hal_pwr_ex.o
LOAD Drivers/STM32F3xx_HAL_Driver/stm32f3xx_hal_rcc.o
LOAD Drivers/STM32F3xx_HAL_Driver/stm32f3xx_hal_rcc_ex.o
LOAD Drivers/STM32F3xx_HAL_Driver/stm32f3xx_hal_tim.o
LOAD Drivers/STM32F3xx_HAL_Driver/stm32f3xx_hal_tim_ex.o
LOAD Drivers/STM32F3xx_HAL_Driver/stm32f3xx_hal_uart.o
LOAD Drivers/STM32F3xx_HAL_Driver/stm32f3xx_hal_uart_ex.o
LOAD Src/main.o
LOAD Src/stm32f3xx_hal_msp.o
LOAD Src/stm32f3xx_it.o
LOAD Src/syscalls.o
LOAD Src/sysmem.o
LOAD Src/system_stm32f3xx.o
LOAD Startup/startup_stm32f303retx.o
START GROUP
LOAD c:/st/stm32cubeide_1.3.0/stm32cubeide/plugins/com.st.stm32cube.ide.mcu.externaltools.gnu-tools-for-stm32.7-2018-q2-update.win32_1.0.0.201904181610/tools/bin/../lib/gcc/arm-none-eabi/7.3.1/../../../../arm-none-eabi/lib/thumb/v7e-m/fpv4-sp/hard\libc_nano.a
LOAD c:/st/stm32cubeide_1.3.0/stm32cubeide/plugins/com.st.stm32cube.ide.mcu.externaltools.gnu-tools-for-stm32.7-2018-q2-update.win32_1.0.0.201904181610/tools/bin/../lib/gcc/arm-none-eabi/7.3.1/../../../../arm-none-eabi/lib/thumb/v7e-m/fpv4-sp/hard\libm.a
END GROUP
START GROUP
LOAD c:/st/stm32cubeide_1.3.0/stm32cubeide/plugins/com.st.stm32cube.ide.mcu.externaltools.gnu-tools-for-stm32.7-2018-q2-update.win32_1.0.0.201904181610/tools/bin/../lib/gcc/arm-none-eabi/7.3.1/thumb/v7e-m/fpv4-sp/hard\libgcc.a
LOAD c:/st/stm32cubeide_1.3.0/stm32cubeide/plugins/com.st.stm32cube.ide.mcu.externaltools.gnu-tools-for-stm32.7-2018-q2-update.win32_1.0.0.201904181610/tools/bin/../lib/gcc/arm-none-eabi/7.3.1/../../../../arm-none-eabi/lib/thumb/v7e-m/fpv4-sp/hard\libc_nano.a
END GROUP
START GROUP
LOAD c:/st/stm32cubeide_1.3.0/stm32cubeide/plugins/com.st.stm32cube.ide.mcu.externaltools.gnu-tools-for-stm32.7-2018-q2-update.win32_1.0.0.201904181610/tools/bin/../lib/gcc/arm-none-eabi/7.3.1/thumb/v7e-m/fpv4-sp/hard\libgcc.a
LOAD c:/st/stm32cubeide_1.3.0/stm32cubeide/plugins/com.st.stm32cube.ide.mcu.externaltools.gnu-tools-for-stm32.7-2018-q2-update.win32_1.0.0.201904181610/tools/bin/../lib/gcc/arm-none-eabi/7.3.1/../../../../arm-none-eabi/lib/thumb/v7e-m/fpv4-sp/hard\libc_nano.a
LOAD c:/st/stm32cubeide_1.3.0/stm32cubeide/plugins/com.st.stm32cube.ide.mcu.externaltools.gnu-tools-for-stm32.7-2018-q2-update.win32_1.0.0.201904181610/tools/bin/../lib/gcc/arm-none-eabi/7.3.1/../../../../arm-none-eabi/lib/thumb/v7e-m/fpv4-sp/hard\libnosys.a
END GROUP
START GROUP
LOAD c:/st/stm32cubeide_1.3.0/stm32cubeide/plugins/com.st.stm32cube.ide.mcu.externaltools.gnu-tools-for-stm32.7-2018-q2-update.win32_1.0.0.201904181610/tools/bin/../lib/gcc/arm-none-eabi/7.3.1/thumb/v7e-m/fpv4-sp/hard\libgcc.a
LOAD c:/st/stm32cubeide_1.3.0/stm32cubeide/plugins/com.st.stm32cube.ide.mcu.externaltools.gnu-tools-for-stm32.7-2018-q2-update.win32_1.0.0.201904181610/tools/bin/../lib/gcc/arm-none-eabi/7.3.1/../../../../arm-none-eabi/lib/thumb/v7e-m/fpv4-sp/hard\libc_nano.a
LOAD c:/st/stm32cubeide_1.3.0/stm32cubeide/plugins/com.st.stm32cube.ide.mcu.externaltools.gnu-tools-for-stm32.7-2018-q2-update.win32_1.0.0.201904181610/tools/bin/../lib/gcc/arm-none-eabi/7.3.1/../../../../arm-none-eabi/lib/thumb/v7e-m/fpv4-sp/hard\libnosys.a
END GROUP
LOAD c:/st/stm32cubeide_1.3.0/stm32cubeide/plugins/com.st.stm32cube.ide.mcu.externaltools.gnu-tools-for-stm32.7-2018-q2-update.win32_1.0.0.201904181610/tools/bin/../lib/gcc/arm-none-eabi/7.3.1/thumb/v7e-m/fpv4-sp/hard/crtend.o
LOAD c:/st/stm32cubeide_1.3.0/stm32cubeide/plugins/com.st.stm32cube.ide.mcu.externaltools.gnu-tools-for-stm32.7-2018-q2-update.win32_1.0.0.201904181610/tools/bin/../lib/gcc/arm-none-eabi/7.3.1/thumb/v7e-m/fpv4-sp/hard/crtn.o
                0x0000000020010000                _estack = (ORIGIN (RAM) + LENGTH (RAM))
                0x0000000000000200                _Min_Heap_Size = 0x200
                0x0000000000000400                _Min_Stack_Size = 0x400

.isr_vector     0x0000000008000000      0x194
                0x0000000008000000                . = ALIGN (0x4)
 *(.isr_vector)
 .isr_vector    0x0000000008000000      0x194 Startup/startup_stm32f303retx.o
                0x0000000008000000                g_pfnVectors
                0x0000000008000194                . = ALIGN (0x4)

.text           0x00000000080001a0     0xd86c
                0x00000000080001a0                . = ALIGN (0x4)
 *(.text)
 .text          0x00000000080001a0       0x40 c:/st/stm32cubeide_1.3.0/stm32cubeide/plugins/com.st.stm32cube.ide.mcu.externaltools.gnu-tools-for-stm32.7-2018-q2-update.win32_1.0.0.201904181610/tools/bin/../lib/gcc/arm-none-eabi/7.3.1/thumb/v7e-m/fpv4-sp/hard/crtbegin.o
 .text          0x00000000080001e0       0x14 c:/st/stm32cubeide_1.3.0/stm32cubeide/plugins/com.st.stm32cube.ide.mcu.externaltools.gnu-tools-for-stm32.7-2018-q2-update.win32_1.0.0.201904181610/tools/bin/../lib/gcc/arm-none-eabi/7.3.1/../../../../arm-none-eabi/lib/thumb/v7e-m/fpv4-sp/hard\libc_nano.a(lib_a-strcmp.o)
                0x00000000080001e0                strcmp
 .text          0x00000000080001f4       0x10 c:/st/stm32cubeide_1.3.0/stm32cubeide/plugins/com.st.stm32cube.ide.mcu.externaltools.gnu-tools-for-stm32.7-2018-q2-update.win32_1.0.0.201904181610/tools/bin/../lib/gcc/arm-none-eabi/7.3.1/../../../../arm-none-eabi/lib/thumb/v7e-m/fpv4-sp/hard\libc_nano.a(lib_a-strlen.o)
                0x00000000080001f4                strlen
 *fill*         0x0000000008000204        0xc 
 .text          0x0000000008000210       0xa0 c:/st/stm32cubeide_1.3.0/stm32cubeide/plugins/com.st.stm32cube.ide.mcu.externaltools.gnu-tools-for-stm32.7-2018-q2-update.win32_1.0.0.201904181610/tools/bin/../lib/gcc/arm-none-eabi/7.3.1/../../../../arm-none-eabi/lib/thumb/v7e-m/fpv4-sp/hard\libc_nano.a(lib_a-memchr.o)
                0x0000000008000210                memchr
 .text          0x00000000080002b0      0x378 c:/st/stm32cubeide_1.3.0/stm32cubeide/plugins/com.st.stm32cube.ide.mcu.externaltools.gnu-tools-for-stm32.7-2018-q2-update.win32_1.0.0.201904181610/tools/bin/../lib/gcc/arm-none-eabi/7.3.1/thumb/v7e-m/fpv4-sp/hard\libgcc.a(_arm_addsubdf3.o)
                0x00000000080002b0                __aeabi_drsub
                0x00000000080002b8                __aeabi_dsub
                0x00000000080002b8                __subdf3
                0x00000000080002bc                __aeabi_dadd
                0x00000000080002bc                __adddf3
                0x0000000008000534                __floatunsidf
                0x0000000008000534                __aeabi_ui2d
                0x0000000008000554                __floatsidf
                0x0000000008000554                __aeabi_i2d
                0x0000000008000578                __aeabi_f2d
                0x0000000008000578                __extendsfdf2
                0x00000000080005bc                __floatundidf
                0x00000000080005bc                __aeabi_ul2d
                0x00000000080005cc                __floatdidf
                0x00000000080005cc                __aeabi_l2d
 .text          0x0000000008000628      0x424 c:/st/stm32cubeide_1.3.0/stm32cubeide/plugins/com.st.stm32cube.ide.mcu.externaltools.gnu-tools-for-stm32.7-2018-q2-update.win32_1.0.0.201904181610/tools/bin/../lib/gcc/arm-none-eabi/7.3.1/thumb/v7e-m/fpv4-sp/hard\libgcc.a(_arm_muldivdf3.o)
                0x0000000008000628                __aeabi_dmul
                0x0000000008000628                __muldf3
                0x000000000800087c                __divdf3
                0x000000000800087c                __aeabi_ddiv
 .text          0x0000000008000a4c      0x110 c:/st/stm32cubeide_1.3.0/stm32cubeide/plugins/com.st.stm32cube.ide.mcu.externaltools.gnu-tools-for-stm32.7-2018-q2-update.win32_1.0.0.201904181610/tools/bin/../lib/gcc/arm-none-eabi/7.3.1/thumb/v7e-m/fpv4-sp/hard\libgcc.a(_arm_cmpdf2.o)
                0x0000000008000a4c                __gtdf2
                0x0000000008000a4c                __gedf2
                0x0000000008000a54                __ltdf2
                0x0000000008000a54                __ledf2
                0x0000000008000a5c                __nedf2
                0x0000000008000a5c                __eqdf2
                0x0000000008000a5c                __cmpdf2
                0x0000000008000ad8                __aeabi_cdrcmple
                0x0000000008000ae8                __aeabi_cdcmpeq
                0x0000000008000ae8                __aeabi_cdcmple
                0x0000000008000af8                __aeabi_dcmpeq
                0x0000000008000b0c                __aeabi_dcmplt
                0x0000000008000b20                __aeabi_dcmple
                0x0000000008000b34                __aeabi_dcmpge
                0x0000000008000b48                __aeabi_dcmpgt
 .text          0x0000000008000b5c       0x2c c:/st/stm32cubeide_1.3.0/stm32cubeide/plugins/com.st.stm32cube.ide.mcu.externaltools.gnu-tools-for-stm32.7-2018-q2-update.win32_1.0.0.201904181610/tools/bin/../lib/gcc/arm-none-eabi/7.3.1/thumb/v7e-m/fpv4-sp/hard\libgcc.a(_arm_unorddf2.o)
                0x0000000008000b5c                __unorddf2
                0x0000000008000b5c                __aeabi_dcmpun
 .text          0x0000000008000b88       0x40 c:/st/stm32cubeide_1.3.0/stm32cubeide/plugins/com.st.stm32cube.ide.mcu.externaltools.gnu-tools-for-stm32.7-2018-q2-update.win32_1.0.0.201904181610/tools/bin/../lib/gcc/arm-none-eabi/7.3.1/thumb/v7e-m/fpv4-sp/hard\libgcc.a(_arm_fixunsdfsi.o)
                0x0000000008000b88                __aeabi_d2uiz
                0x0000000008000b88                __fixunsdfsi
 .text          0x0000000008000bc8       0xa0 c:/st/stm32cubeide_1.3.0/stm32cubeide/plugins/com.st.stm32cube.ide.mcu.externaltools.gnu-tools-for-stm32.7-2018-q2-update.win32_1.0.0.201904181610/tools/bin/../lib/gcc/arm-none-eabi/7.3.1/thumb/v7e-m/fpv4-sp/hard\libgcc.a(_arm_truncdfsf2.o)
                0x0000000008000bc8                __truncdfsf2
                0x0000000008000bc8                __aeabi_d2f
 *(.text*)
 .text.HAL_Init
                0x0000000008000c68       0x2c Drivers/STM32F3xx_HAL_Driver/stm32f3xx_hal.o
                0x0000000008000c68                HAL_Init
 .text.HAL_InitTick
                0x0000000008000c94       0x60 Drivers/STM32F3xx_HAL_Driver/stm32f3xx_hal.o
                0x0000000008000c94                HAL_InitTick
 .text.HAL_IncTick
                0x0000000008000cf4       0x28 Drivers/STM32F3xx_HAL_Driver/stm32f3xx_hal.o
                0x0000000008000cf4                HAL_IncTick
 .text.HAL_GetTick
                0x0000000008000d1c       0x18 Drivers/STM32F3xx_HAL_Driver/stm32f3xx_hal.o
                0x0000000008000d1c                HAL_GetTick
 .text.HAL_Delay
                0x0000000008000d34       0x44 Drivers/STM32F3xx_HAL_Driver/stm32f3xx_hal.o
                0x0000000008000d34                HAL_Delay
 .text.HAL_SuspendTick
                0x0000000008000d78       0x20 Drivers/STM32F3xx_HAL_Driver/stm32f3xx_hal.o
                0x0000000008000d78                HAL_SuspendTick
 .text.HAL_ResumeTick
                0x0000000008000d98       0x20 Drivers/STM32F3xx_HAL_Driver/stm32f3xx_hal.o
                0x0000000008000d98                HAL_ResumeTick
 .text.HAL_ADC_ConvHalfCpltCallback
                0x0000000008000db8       0x14 Drivers/STM32F3xx_HAL_Driver/stm32f3xx_hal_adc.o
                0x0000000008000db8                HAL_ADC_ConvHalfCpltCallback
 .text.HAL_ADC_ErrorCallback
                0x0000000008000dcc       0x14 Drivers/STM32F3xx_HAL_Driver/stm32f3xx_hal_adc.o
                0x0000000008000dcc                HAL_ADC_ErrorCallback
 .text.HAL_ADC_Init
                0x0000000008000de0      0x3f4 Drivers/STM32F3xx_HAL_Driver/stm32f3xx_hal_adc_ex.o
                0x0000000008000de0                HAL_ADC_Init
 .text.HAL_ADC_Start_DMA
                0x00000000080011d4      0x238 Drivers/STM32F3xx_HAL_Driver/stm32f3xx_hal_adc_ex.o
                0x00000000080011d4                HAL_ADC_Start_DMA
 .text.HAL_ADC_Stop_DMA
                0x000000000800140c       0xb8 Drivers/STM32F3xx_HAL_Driver/stm32f3xx_hal_adc_ex.o
                0x000000000800140c                HAL_ADC_Stop_DMA
 .text.HAL_ADCEx_Calibration_Start
                0x00000000080014c4       0xd4 Drivers/STM32F3xx_HAL_Driver/stm32f3xx_hal_adc_ex.o
                0x00000000080014c4                HAL_ADCEx_Calibration_Start
 .text.HAL_ADC_ConfigChannel
                0x0000000008001598      0x5d8 Drivers/STM32F3xx_HAL_Driver/stm32f3xx_hal_adc_ex.o
                0x0000000008001598                HAL_ADC_ConfigChannel
 .text.HAL_ADCEx_MultiModeConfigChannel
                0x0000000008001b70      0x1e0 Drivers/STM32F3xx_HAL_Driver/stm32f3xx_hal_adc_ex.o
                0x0000000008001b70                HAL_ADCEx_MultiModeConfigChannel
 .text.ADC_DMAConvCplt
                0x0000000008001d50       0x7a Drivers/STM32F3xx_HAL_Driver/stm32f3xx_hal_adc_ex.o
 .text.ADC_DMAHalfConvCplt
                0x0000000008001dca       0x1c Drivers/STM32F3xx_HAL_Driver/stm32f3xx_hal_adc_ex.o
 .text.ADC_DMAError
                0x0000000008001de6       0x34 Drivers/STM32F3xx_HAL_Driver/stm32f3xx_hal_adc_ex.o
 *fill*         0x0000000008001e1a        0x2 
 .text.ADC_Enable
                0x0000000008001e1c       0xbc Drivers/STM32F3xx_HAL_Driver/stm32f3xx_hal_adc_ex.o
 .text.ADC_Disable
                0x0000000008001ed8       0xbe Drivers/STM32F3xx_HAL_Driver/stm32f3xx_hal_adc_ex.o
 *fill*         0x0000000008001f96        0x2 
 .text.ADC_ConversionStop
                0x0000000008001f98      0x15c Drivers/STM32F3xx_HAL_Driver/stm32f3xx_hal_adc_ex.o
 .text.HAL_CAN_Init
                0x00000000080020f4      0x24a Drivers/STM32F3xx_HAL_Driver/stm32f3xx_hal_can.o
                0x00000000080020f4                HAL_CAN_Init
 .text.HAL_CAN_ConfigFilter
                0x000000000800233e      0x198 Drivers/STM32F3xx_HAL_Driver/stm32f3xx_hal_can.o
                0x000000000800233e                HAL_CAN_ConfigFilter
 *fill*         0x00000000080024d6        0x2 
 .text.HAL_CAN_Transmit
                0x00000000080024d8      0x378 Drivers/STM32F3xx_HAL_Driver/stm32f3xx_hal_can.o
                0x00000000080024d8                HAL_CAN_Transmit
 .text.HAL_CAN_Receive_IT
                0x0000000008002850      0x17a Drivers/STM32F3xx_HAL_Driver/stm32f3xx_hal_can.o
                0x0000000008002850                HAL_CAN_Receive_IT
 *fill*         0x00000000080029ca        0x2 
 .text.HAL_CAN_IRQHandler
                0x00000000080029cc      0x304 Drivers/STM32F3xx_HAL_Driver/stm32f3xx_hal_can.o
                0x00000000080029cc                HAL_CAN_IRQHandler
 .text.HAL_CAN_TxCpltCallback
                0x0000000008002cd0       0x14 Drivers/STM32F3xx_HAL_Driver/stm32f3xx_hal_can.o
                0x0000000008002cd0                HAL_CAN_TxCpltCallback
 .text.HAL_CAN_ErrorCallback
                0x0000000008002ce4       0x14 Drivers/STM32F3xx_HAL_Driver/stm32f3xx_hal_can.o
                0x0000000008002ce4                HAL_CAN_ErrorCallback
 .text.CAN_Transmit_IT
                0x0000000008002cf8       0x80 Drivers/STM32F3xx_HAL_Driver/stm32f3xx_hal_can.o
 .text.CAN_Receive_IT
                0x0000000008002d78      0x27e Drivers/STM32F3xx_HAL_Driver/stm32f3xx_hal_can.o
 *fill*         0x0000000008002ff6        0x2 
 .text.NVIC_SetPriorityGrouping
                0x0000000008002ff8       0x48 Drivers/STM32F3xx_HAL_Driver/stm32f3xx_hal_cortex.o
 .text.NVIC_GetPriorityGrouping
                0x0000000008003040       0x1c Drivers/STM32F3xx_HAL_Driver/stm32f3xx_hal_cortex.o
 .text.NVIC_EnableIRQ
                0x000000000800305c       0x34 Drivers/STM32F3xx_HAL_Driver/stm32f3xx_hal_cortex.o
 .text.NVIC_SetPriority
                0x0000000008003090       0x54 Drivers/STM32F3xx_HAL_Driver/stm32f3xx_hal_cortex.o
 .text.NVIC_EncodePriority
                0x00000000080030e4       0x66 Drivers/STM32F3xx_HAL_Driver/stm32f3xx_hal_cortex.o
 *fill*         0x000000000800314a        0x2 
 .text.SysTick_Config
                0x000000000800314c       0x44 Drivers/STM32F3xx_HAL_Driver/stm32f3xx_hal_cortex.o
 .text.HAL_NVIC_SetPriorityGrouping
                0x0000000008003190       0x16 Drivers/STM32F3xx_HAL_Driver/stm32f3xx_hal_cortex.o
                0x0000000008003190                HAL_NVIC_SetPriorityGrouping
 .text.HAL_NVIC_SetPriority
                0x00000000080031a6       0x38 Drivers/STM32F3xx_HAL_Driver/stm32f3xx_hal_cortex.o
                0x00000000080031a6                HAL_NVIC_SetPriority
 .text.HAL_NVIC_EnableIRQ
                0x00000000080031de       0x1c Drivers/STM32F3xx_HAL_Driver/stm32f3xx_hal_cortex.o
                0x00000000080031de                HAL_NVIC_EnableIRQ
 .text.HAL_SYSTICK_Config
                0x00000000080031fa       0x18 Drivers/STM32F3xx_HAL_Driver/stm32f3xx_hal_cortex.o
                0x00000000080031fa                HAL_SYSTICK_Config
 .text.HAL_DMA_Init
                0x0000000008003212       0xa6 Drivers/STM32F3xx_HAL_Driver/stm32f3xx_hal_dma.o
                0x0000000008003212                HAL_DMA_Init
 .text.HAL_DMA_Start_IT
                0x00000000080032b8       0xbe Drivers/STM32F3xx_HAL_Driver/stm32f3xx_hal_dma.o
                0x00000000080032b8                HAL_DMA_Start_IT
 .text.HAL_DMA_Abort
                0x0000000008003376       0x56 Drivers/STM32F3xx_HAL_Driver/stm32f3xx_hal_dma.o
                0x0000000008003376                HAL_DMA_Abort
 .text.HAL_DMA_Abort_IT
                0x00000000080033cc       0x7c Drivers/STM32F3xx_HAL_Driver/stm32f3xx_hal_dma.o
                0x00000000080033cc                HAL_DMA_Abort_IT
 .text.HAL_DMA_IRQHandler
                0x0000000008003448      0x146 Drivers/STM32F3xx_HAL_Driver/stm32f3xx_hal_dma.o
                0x0000000008003448                HAL_DMA_IRQHandler
 .text.DMA_SetConfig
                0x000000000800358e       0x5c Drivers/STM32F3xx_HAL_Driver/stm32f3xx_hal_dma.o
 *fill*         0x00000000080035ea        0x2 
 .text.DMA_CalcBaseAndBitshift
                0x00000000080035ec       0x78 Drivers/STM32F3xx_HAL_Driver/stm32f3xx_hal_dma.o
 .text.HAL_GPIO_Init
                0x0000000008003664      0x31c Drivers/STM32F3xx_HAL_Driver/stm32f3xx_hal_gpio.o
                0x0000000008003664                HAL_GPIO_Init
 .text.HAL_GPIO_WritePin
                0x0000000008003980       0x30 Drivers/STM32F3xx_HAL_Driver/stm32f3xx_hal_gpio.o
                0x0000000008003980                HAL_GPIO_WritePin
 .text.HAL_GPIO_EXTI_IRQHandler
                0x00000000080039b0       0x30 Drivers/STM32F3xx_HAL_Driver/stm32f3xx_hal_gpio.o
                0x00000000080039b0                HAL_GPIO_EXTI_IRQHandler
 .text.HAL_PWR_EnterSTOPMode
                0x00000000080039e0       0x68 Drivers/STM32F3xx_HAL_Driver/stm32f3xx_hal_pwr.o
                0x00000000080039e0                HAL_PWR_EnterSTOPMode
 .text.HAL_RCC_OscConfig
                0x0000000008003a48      0xdd4 Drivers/STM32F3xx_HAL_Driver/stm32f3xx_hal_rcc.o
                0x0000000008003a48                HAL_RCC_OscConfig
 .text.HAL_RCC_ClockConfig
                0x000000000800481c      0x340 Drivers/STM32F3xx_HAL_Driver/stm32f3xx_hal_rcc.o
                0x000000000800481c                HAL_RCC_ClockConfig
 .text.HAL_RCC_GetSysClockFreq
                0x0000000008004b5c       0xd4 Drivers/STM32F3xx_HAL_Driver/stm32f3xx_hal_rcc.o
                0x0000000008004b5c                HAL_RCC_GetSysClockFreq
 .text.HAL_RCC_GetHCLKFreq
                0x0000000008004c30       0x18 Drivers/STM32F3xx_HAL_Driver/stm32f3xx_hal_rcc.o
                0x0000000008004c30                HAL_RCC_GetHCLKFreq
 .text.HAL_RCC_GetPCLK1Freq
                0x0000000008004c48       0x44 Drivers/STM32F3xx_HAL_Driver/stm32f3xx_hal_rcc.o
                0x0000000008004c48                HAL_RCC_GetPCLK1Freq
 .text.HAL_RCC_GetPCLK2Freq
                0x0000000008004c8c       0x44 Drivers/STM32F3xx_HAL_Driver/stm32f3xx_hal_rcc.o
                0x0000000008004c8c                HAL_RCC_GetPCLK2Freq
 .text.HAL_RCCEx_PeriphCLKConfig
                0x0000000008004cd0      0x438 Drivers/STM32F3xx_HAL_Driver/stm32f3xx_hal_rcc_ex.o
                0x0000000008004cd0                HAL_RCCEx_PeriphCLKConfig
 .text.HAL_TIM_Base_Init
                0x0000000008005108       0x56 Drivers/STM32F3xx_HAL_Driver/stm32f3xx_hal_tim.o
                0x0000000008005108                HAL_TIM_Base_Init
 .text.HAL_TIM_Base_Start_IT
                0x000000000800515e       0x36 Drivers/STM32F3xx_HAL_Driver/stm32f3xx_hal_tim.o
                0x000000000800515e                HAL_TIM_Base_Start_IT
 .text.HAL_TIM_PWM_Init
                0x0000000008005194       0x56 Drivers/STM32F3xx_HAL_Driver/stm32f3xx_hal_tim.o
                0x0000000008005194                HAL_TIM_PWM_Init
 .text.HAL_TIM_PWM_MspInit
                0x00000000080051ea       0x14 Drivers/STM32F3xx_HAL_Driver/stm32f3xx_hal_tim.o
                0x00000000080051ea                HAL_TIM_PWM_MspInit
 *fill*         0x00000000080051fe        0x2 
 .text.HAL_TIM_PWM_Start
                0x0000000008005200       0xa0 Drivers/STM32F3xx_HAL_Driver/stm32f3xx_hal_tim.o
                0x0000000008005200                HAL_TIM_PWM_Start
 .text.HAL_TIM_PWM_Stop
                0x00000000080052a0       0xe8 Drivers/STM32F3xx_HAL_Driver/stm32f3xx_hal_tim.o
                0x00000000080052a0                HAL_TIM_PWM_Stop
 .text.HAL_TIM_IRQHandler
                0x0000000008005388      0x23e Drivers/STM32F3xx_HAL_Driver/stm32f3xx_hal_tim.o
                0x0000000008005388                HAL_TIM_IRQHandler
 .text.HAL_TIM_ConfigClockSource
                0x00000000080055c6      0x1c4 Drivers/STM32F3xx_HAL_Driver/stm32f3xx_hal_tim.o
                0x00000000080055c6                HAL_TIM_ConfigClockSource
 .text.HAL_TIM_OC_DelayElapsedCallback
                0x000000000800578a       0x14 Drivers/STM32F3xx_HAL_Driver/stm32f3xx_hal_tim.o
                0x000000000800578a                HAL_TIM_OC_DelayElapsedCallback
 .text.HAL_TIM_IC_CaptureCallback
                0x000000000800579e       0x14 Drivers/STM32F3xx_HAL_Driver/stm32f3xx_hal_tim.o
                0x000000000800579e                HAL_TIM_IC_CaptureCallback
 .text.HAL_TIM_PWM_PulseFinishedCallback
                0x00000000080057b2       0x14 Drivers/STM32F3xx_HAL_Driver/stm32f3xx_hal_tim.o
                0x00000000080057b2                HAL_TIM_PWM_PulseFinishedCallback
 .text.HAL_TIM_TriggerCallback
                0x00000000080057c6       0x14 Drivers/STM32F3xx_HAL_Driver/stm32f3xx_hal_tim.o
                0x00000000080057c6                HAL_TIM_TriggerCallback
 *fill*         0x00000000080057da        0x2 
 .text.TIM_Base_SetConfig
                0x00000000080057dc      0x140 Drivers/STM32F3xx_HAL_Driver/stm32f3xx_hal_tim.o
                0x00000000080057dc                TIM_Base_SetConfig
 .text.TIM_OC1_SetConfig
                0x000000000800591c      0x140 Drivers/STM32F3xx_HAL_Driver/stm32f3xx_hal_tim.o
                0x000000000800591c                TIM_OC1_SetConfig
 .text.TIM_OC2_SetConfig
                0x0000000008005a5c      0x134 Drivers/STM32F3xx_HAL_Driver/stm32f3xx_hal_tim.o
                0x0000000008005a5c                TIM_OC2_SetConfig
 .text.TIM_OC3_SetConfig
                0x0000000008005b90      0x130 Drivers/STM32F3xx_HAL_Driver/stm32f3xx_hal_tim.o
                0x0000000008005b90                TIM_OC3_SetConfig
 .text.TIM_OC4_SetConfig
                0x0000000008005cc0       0xec Drivers/STM32F3xx_HAL_Driver/stm32f3xx_hal_tim.o
                0x0000000008005cc0                TIM_OC4_SetConfig
 .text.TIM_TI1_ConfigInputStage
                0x0000000008005dac       0x66 Drivers/STM32F3xx_HAL_Driver/stm32f3xx_hal_tim.o
 .text.TIM_TI2_ConfigInputStage
                0x0000000008005e12       0x68 Drivers/STM32F3xx_HAL_Driver/stm32f3xx_hal_tim.o
 .text.TIM_ITRx_SetConfig
                0x0000000008005e7a       0x40 Drivers/STM32F3xx_HAL_Driver/stm32f3xx_hal_tim.o
 .text.TIM_ETR_SetConfig
                0x0000000008005eba       0x44 Drivers/STM32F3xx_HAL_Driver/stm32f3xx_hal_tim.o
                0x0000000008005eba                TIM_ETR_SetConfig
 .text.TIM_CCxChannelCmd
                0x0000000008005efe       0x46 Drivers/STM32F3xx_HAL_Driver/stm32f3xx_hal_tim.o
                0x0000000008005efe                TIM_CCxChannelCmd
 .text.HAL_TIM_PWM_ConfigChannel
                0x0000000008005f44      0x230 Drivers/STM32F3xx_HAL_Driver/stm32f3xx_hal_tim_ex.o
                0x0000000008005f44                HAL_TIM_PWM_ConfigChannel
 .text.HAL_TIMEx_MasterConfigSynchronization
                0x0000000008006174       0xb8 Drivers/STM32F3xx_HAL_Driver/stm32f3xx_hal_tim_ex.o
                0x0000000008006174                HAL_TIMEx_MasterConfigSynchronization
 .text.HAL_TIMEx_ConfigBreakDeadTime
                0x000000000800622c      0x118 Drivers/STM32F3xx_HAL_Driver/stm32f3xx_hal_tim_ex.o
                0x000000000800622c                HAL_TIMEx_ConfigBreakDeadTime
 .text.HAL_TIMEx_CommutationCallback
                0x0000000008006344       0x14 Drivers/STM32F3xx_HAL_Driver/stm32f3xx_hal_tim_ex.o
                0x0000000008006344                HAL_TIMEx_CommutationCallback
 .text.HAL_TIMEx_BreakCallback
                0x0000000008006358       0x14 Drivers/STM32F3xx_HAL_Driver/stm32f3xx_hal_tim_ex.o
                0x0000000008006358                HAL_TIMEx_BreakCallback
 .text.HAL_TIMEx_Break2Callback
                0x000000000800636c       0x14 Drivers/STM32F3xx_HAL_Driver/stm32f3xx_hal_tim_ex.o
                0x000000000800636c                HAL_TIMEx_Break2Callback
 .text.TIM_OC5_SetConfig
                0x0000000008006380       0xe0 Drivers/STM32F3xx_HAL_Driver/stm32f3xx_hal_tim_ex.o
 .text.TIM_OC6_SetConfig
                0x0000000008006460       0xe4 Drivers/STM32F3xx_HAL_Driver/stm32f3xx_hal_tim_ex.o
 .text.HAL_UART_Init
                0x0000000008006544       0xa2 Drivers/STM32F3xx_HAL_Driver/stm32f3xx_hal_uart.o
                0x0000000008006544                HAL_UART_Init
 .text.HAL_UART_Transmit
                0x00000000080065e6      0x11a Drivers/STM32F3xx_HAL_Driver/stm32f3xx_hal_uart.o
                0x00000000080065e6                HAL_UART_Transmit
 .text.HAL_UART_Receive_DMA
                0x0000000008006700       0xe8 Drivers/STM32F3xx_HAL_Driver/stm32f3xx_hal_uart.o
                0x0000000008006700                HAL_UART_Receive_DMA
 .text.HAL_UART_IRQHandler
                0x00000000080067e8      0x244 Drivers/STM32F3xx_HAL_Driver/stm32f3xx_hal_uart.o
                0x00000000080067e8                HAL_UART_IRQHandler
 .text.HAL_UART_TxCpltCallback
                0x0000000008006a2c       0x14 Drivers/STM32F3xx_HAL_Driver/stm32f3xx_hal_uart.o
                0x0000000008006a2c                HAL_UART_TxCpltCallback
 .text.HAL_UART_RxHalfCpltCallback
                0x0000000008006a40       0x14 Drivers/STM32F3xx_HAL_Driver/stm32f3xx_hal_uart.o
                0x0000000008006a40                HAL_UART_RxHalfCpltCallback
 .text.HAL_UART_ErrorCallback
                0x0000000008006a54       0x14 Drivers/STM32F3xx_HAL_Driver/stm32f3xx_hal_uart.o
                0x0000000008006a54                HAL_UART_ErrorCallback
 .text.UART_SetConfig
                0x0000000008006a68      0x3fc Drivers/STM32F3xx_HAL_Driver/stm32f3xx_hal_uart.o
                0x0000000008006a68                UART_SetConfig
 .text.UART_AdvFeatureConfig
                0x0000000008006e64      0x144 Drivers/STM32F3xx_HAL_Driver/stm32f3xx_hal_uart.o
                0x0000000008006e64                UART_AdvFeatureConfig
 .text.UART_CheckIdleState
                0x0000000008006fa8       0x92 Drivers/STM32F3xx_HAL_Driver/stm32f3xx_hal_uart.o
                0x0000000008006fa8                UART_CheckIdleState
 .text.UART_WaitOnFlagUntilTimeout
                0x000000000800703a       0x94 Drivers/STM32F3xx_HAL_Driver/stm32f3xx_hal_uart.o
                0x000000000800703a                UART_WaitOnFlagUntilTimeout
 .text.UART_EndTxTransfer
                0x00000000080070ce       0x2c Drivers/STM32F3xx_HAL_Driver/stm32f3xx_hal_uart.o
 .text.UART_EndRxTransfer
                0x00000000080070fa       0x3c Drivers/STM32F3xx_HAL_Driver/stm32f3xx_hal_uart.o
 .text.UART_DMAReceiveCplt
                0x0000000008007136       0x6a Drivers/STM32F3xx_HAL_Driver/stm32f3xx_hal_uart.o
 .text.UART_DMARxHalfCplt
                0x00000000080071a0       0x1c Drivers/STM32F3xx_HAL_Driver/stm32f3xx_hal_uart.o
 .text.UART_DMAError
                0x00000000080071bc       0x78 Drivers/STM32F3xx_HAL_Driver/stm32f3xx_hal_uart.o
 .text.UART_DMAAbortOnError
                0x0000000008007234       0x2c Drivers/STM32F3xx_HAL_Driver/stm32f3xx_hal_uart.o
 .text.UART_Transmit_IT
                0x0000000008007260       0xb0 Drivers/STM32F3xx_HAL_Driver/stm32f3xx_hal_uart.o
                0x0000000008007260                UART_Transmit_IT
 .text.UART_EndTransmit_IT
                0x0000000008007310       0x30 Drivers/STM32F3xx_HAL_Driver/stm32f3xx_hal_uart.o
                0x0000000008007310                UART_EndTransmit_IT
 .text.UART_Receive_IT
                0x0000000008007340       0xd4 Drivers/STM32F3xx_HAL_Driver/stm32f3xx_hal_uart.o
                0x0000000008007340                UART_Receive_IT
 .text.HAL_UARTEx_WakeupCallback
                0x0000000008007414       0x14 Drivers/STM32F3xx_HAL_Driver/stm32f3xx_hal_uart_ex.o
                0x0000000008007414                HAL_UARTEx_WakeupCallback
 .text.main     0x0000000008007428      0x4f8 Src/main.o
                0x0000000008007428                main
 .text.SystemClock_Config
                0x0000000008007920       0xcc Src/main.o
                0x0000000008007920                SystemClock_Config
 .text.MX_ADC1_Init
                0x00000000080079ec      0x184 Src/main.o
 .text.MX_ADC2_Init
                0x0000000008007b70      0x128 Src/main.o
 .text.MX_ADC3_Init
                0x0000000008007c98      0x144 Src/main.o
 .text.MX_ADC4_Init
                0x0000000008007ddc      0x13c Src/main.o
 .text.MX_CAN_Init
                0x0000000008007f18       0x80 Src/main.o
 .text.MX_TIM1_Init
                0x0000000008007f98      0x170 Src/main.o
 .text.MX_TIM2_Init
                0x0000000008008108       0x9c Src/main.o
 .text.MX_USART3_UART_Init
                0x00000000080081a4       0x60 Src/main.o
 .text.MX_DMA_Init
                0x0000000008008204       0x94 Src/main.o
 .text.MX_GPIO_Init
                0x0000000008008298      0x120 Src/main.o
 .text.updateADC3Vars
                0x00000000080083b8       0xa8 Src/main.o
                0x00000000080083b8                updateADC3Vars
 .text.updateADC2Vars
                0x0000000008008460       0xdc Src/main.o
                0x0000000008008460                updateADC2Vars
 .text.updateADC1Vars
                0x000000000800853c       0xf0 Src/main.o
                0x000000000800853c                updateADC1Vars
 .text.updateADC4Vars
                0x000000000800862c       0xcc Src/main.o
                0x000000000800862c                updateADC4Vars
 .text.calculateActualValues
                0x00000000080086f8      0x4b8 Src/main.o
                0x00000000080086f8                calculateActualValues
 .text.calculateTemps
                0x0000000008008bb0      0x53c Src/main.o
                0x0000000008008bb0                calculateTemps
 .text.initialisePIDController
                0x00000000080090ec       0xd8 Src/main.o
                0x00000000080090ec                initialisePIDController
 .text.executeOperation
                0x00000000080091c4      0x944 Src/main.o
                0x00000000080091c4                executeOperation
 .text.applyPID
                0x0000000008009b08      0x450 Src/main.o
                0x0000000008009b08                applyPID
 .text.balanceCells
                0x0000000008009f58      0x3c8 Src/main.o
                0x0000000008009f58                balanceCells
 .text.healthCheck
                0x000000000800a320      0x3fc Src/main.o
                0x000000000800a320                healthCheck
 .text.blinkErrorCode
                0x000000000800a71c      0x3d4 Src/main.o
                0x000000000800a71c                blinkErrorCode
 .text.goToSleep
                0x000000000800aaf0       0xd8 Src/main.o
                0x000000000800aaf0                goToSleep
 .text.CAN_FilterConfig
                0x000000000800abc8       0x50 Src/main.o
 .text.HAL_CAN_RxCpltCallback
                0x000000000800ac18      0x14c Src/main.o
                0x000000000800ac18                HAL_CAN_RxCpltCallback
 .text.HAL_ADC_ConvCpltCallback
                0x000000000800ad64       0x38 Src/main.o
                0x000000000800ad64                HAL_ADC_ConvCpltCallback
 *fill*         0x000000000800ad9c        0x4 
 .text.HAL_TIM_PeriodElapsedCallback
                0x000000000800ada0      0x330 Src/main.o
                0x000000000800ada0                HAL_TIM_PeriodElapsedCallback
 .text.HAL_UART_RxCpltCallback
                0x000000000800b0d0      0x120 Src/main.o
                0x000000000800b0d0                HAL_UART_RxCpltCallback
 .text.HAL_GPIO_EXTI_Callback
                0x000000000800b1f0       0x84 Src/main.o
                0x000000000800b1f0                HAL_GPIO_EXTI_Callback
 .text.Error_Handler
                0x000000000800b274        0xe Src/main.o
                0x000000000800b274                Error_Handler
 *fill*         0x000000000800b282        0x2 
 .text.HAL_MspInit
                0x000000000800b284       0x48 Src/stm32f3xx_hal_msp.o
                0x000000000800b284                HAL_MspInit
 .text.HAL_ADC_MspInit
                0x000000000800b2cc      0x37c Src/stm32f3xx_hal_msp.o
                0x000000000800b2cc                HAL_ADC_MspInit
 .text.HAL_CAN_MspInit
                0x000000000800b648       0x98 Src/stm32f3xx_hal_msp.o
                0x000000000800b648                HAL_CAN_MspInit
 .text.HAL_TIM_Base_MspInit
                0x000000000800b6e0       0x70 Src/stm32f3xx_hal_msp.o
                0x000000000800b6e0                HAL_TIM_Base_MspInit
 .text.HAL_TIM_MspPostInit
                0x000000000800b750       0x70 Src/stm32f3xx_hal_msp.o
                0x000000000800b750                HAL_TIM_MspPostInit
 .text.HAL_UART_MspInit
                0x000000000800b7c0       0xf0 Src/stm32f3xx_hal_msp.o
                0x000000000800b7c0                HAL_UART_MspInit
 .text.NMI_Handler
                0x000000000800b8b0        0xe Src/stm32f3xx_it.o
                0x000000000800b8b0                NMI_Handler
 .text.HardFault_Handler
                0x000000000800b8be        0x6 Src/stm32f3xx_it.o
                0x000000000800b8be                HardFault_Handler
 .text.MemManage_Handler
                0x000000000800b8c4        0x6 Src/stm32f3xx_it.o
                0x000000000800b8c4                MemManage_Handler
 .text.BusFault_Handler
                0x000000000800b8ca        0x6 Src/stm32f3xx_it.o
                0x000000000800b8ca                BusFault_Handler
 .text.UsageFault_Handler
                0x000000000800b8d0        0x6 Src/stm32f3xx_it.o
                0x000000000800b8d0                UsageFault_Handler
 .text.SVC_Handler
                0x000000000800b8d6        0xe Src/stm32f3xx_it.o
                0x000000000800b8d6                SVC_Handler
 .text.DebugMon_Handler
                0x000000000800b8e4        0xe Src/stm32f3xx_it.o
                0x000000000800b8e4                DebugMon_Handler
 .text.PendSV_Handler
                0x000000000800b8f2        0xe Src/stm32f3xx_it.o
                0x000000000800b8f2                PendSV_Handler
 .text.SysTick_Handler
                0x000000000800b900        0xc Src/stm32f3xx_it.o
                0x000000000800b900                SysTick_Handler
 .text.DMA1_Channel1_IRQHandler
                0x000000000800b90c       0x14 Src/stm32f3xx_it.o
                0x000000000800b90c                DMA1_Channel1_IRQHandler
 .text.DMA1_Channel3_IRQHandler
                0x000000000800b920       0x14 Src/stm32f3xx_it.o
                0x000000000800b920                DMA1_Channel3_IRQHandler
 .text.USB_LP_CAN_RX0_IRQHandler
                0x000000000800b934       0x14 Src/stm32f3xx_it.o
                0x000000000800b934                USB_LP_CAN_RX0_IRQHandler
 .text.TIM2_IRQHandler
                0x000000000800b948       0x14 Src/stm32f3xx_it.o
                0x000000000800b948                TIM2_IRQHandler
 .text.USART3_IRQHandler
                0x000000000800b95c       0x14 Src/stm32f3xx_it.o
                0x000000000800b95c                USART3_IRQHandler
 .text.EXTI15_10_IRQHandler
                0x000000000800b970       0x10 Src/stm32f3xx_it.o
                0x000000000800b970                EXTI15_10_IRQHandler
 .text.DMA2_Channel1_IRQHandler
                0x000000000800b980       0x14 Src/stm32f3xx_it.o
                0x000000000800b980                DMA2_Channel1_IRQHandler
 .text.DMA2_Channel2_IRQHandler
                0x000000000800b994       0x14 Src/stm32f3xx_it.o
                0x000000000800b994                DMA2_Channel2_IRQHandler
 .text.DMA2_Channel5_IRQHandler
                0x000000000800b9a8       0x14 Src/stm32f3xx_it.o
                0x000000000800b9a8                DMA2_Channel5_IRQHandler
 .text._sbrk    0x000000000800b9bc       0x58 Src/sysmem.o
                0x000000000800b9bc                _sbrk
 .text.SystemInit
                0x000000000800ba14       0x94 Src/system_stm32f3xx.o
                0x000000000800ba14                SystemInit
 .text.Reset_Handler
                0x000000000800baa8       0x50 Startup/startup_stm32f303retx.o
                0x000000000800baa8                Reset_Handler
 .text.Default_Handler
                0x000000000800baf8        0x2 Startup/startup_stm32f303retx.o
                0x000000000800baf8                RTC_Alarm_IRQHandler
                0x000000000800baf8                TIM8_TRG_COM_IRQHandler
                0x000000000800baf8                TIM8_CC_IRQHandler
                0x000000000800baf8                SPI4_IRQHandler
                0x000000000800baf8                TIM1_CC_IRQHandler
                0x000000000800baf8                USB_HP_IRQHandler
                0x000000000800baf8                PVD_IRQHandler
                0x000000000800baf8                TAMP_STAMP_IRQHandler
                0x000000000800baf8                EXTI3_IRQHandler
                0x000000000800baf8                I2C3_ER_IRQHandler
                0x000000000800baf8                USB_HP_CAN_TX_IRQHandler
                0x000000000800baf8                EXTI0_IRQHandler
                0x000000000800baf8                I2C2_EV_IRQHandler
                0x000000000800baf8                FPU_IRQHandler
                0x000000000800baf8                TIM1_UP_TIM16_IRQHandler
                0x000000000800baf8                ADC1_2_IRQHandler
                0x000000000800baf8                SPI1_IRQHandler
                0x000000000800baf8                CAN_SCE_IRQHandler
                0x000000000800baf8                TIM6_DAC_IRQHandler
                0x000000000800baf8                TIM8_UP_IRQHandler
                0x000000000800baf8                DMA1_Channel4_IRQHandler
                0x000000000800baf8                TIM20_TRG_COM_IRQHandler
                0x000000000800baf8                DMA1_Channel7_IRQHandler
                0x000000000800baf8                UART5_IRQHandler
                0x000000000800baf8                ADC3_IRQHandler
                0x000000000800baf8                TIM4_IRQHandler
                0x000000000800baf8                CAN_RX1_IRQHandler
                0x000000000800baf8                I2C1_EV_IRQHandler
                0x000000000800baf8                DMA1_Channel6_IRQHandler
                0x000000000800baf8                UART4_IRQHandler
                0x000000000800baf8                DMA2_Channel4_IRQHandler
                0x000000000800baf8                TIM3_IRQHandler
                0x000000000800baf8                RCC_IRQHandler
                0x000000000800baf8                TIM20_UP_IRQHandler
                0x000000000800baf8                Default_Handler
                0x000000000800baf8                USBWakeUp_RMP_IRQHandler
                0x000000000800baf8                TIM7_IRQHandler
                0x000000000800baf8                I2C3_EV_IRQHandler
                0x000000000800baf8                EXTI9_5_IRQHandler
                0x000000000800baf8                RTC_WKUP_IRQHandler
                0x000000000800baf8                SPI2_IRQHandler
                0x000000000800baf8                DMA1_Channel5_IRQHandler
                0x000000000800baf8                USB_LP_IRQHandler
                0x000000000800baf8                EXTI4_IRQHandler
                0x000000000800baf8                TIM1_TRG_COM_TIM17_IRQHandler
                0x000000000800baf8                ADC4_IRQHandler
                0x000000000800baf8                WWDG_IRQHandler
                0x000000000800baf8                COMP7_IRQHandler
                0x000000000800baf8                COMP1_2_3_IRQHandler
                0x000000000800baf8                EXTI1_IRQHandler
                0x000000000800baf8                USART2_IRQHandler
                0x000000000800baf8                COMP4_5_6_IRQHandler
                0x000000000800baf8                TIM20_BRK_IRQHandler
                0x000000000800baf8                I2C2_ER_IRQHandler
                0x000000000800baf8                DMA1_Channel2_IRQHandler
                0x000000000800baf8                TIM8_BRK_IRQHandler
                0x000000000800baf8                FLASH_IRQHandler
                0x000000000800baf8                TIM20_CC_IRQHandler
                0x000000000800baf8                USART1_IRQHandler
                0x000000000800baf8                SPI3_IRQHandler
                0x000000000800baf8                I2C1_ER_IRQHandler
                0x000000000800baf8                FMC_IRQHandler
                0x000000000800baf8                USBWakeUp_IRQHandler
                0x000000000800baf8                DMA2_Channel3_IRQHandler
                0x000000000800baf8                EXTI2_TSC_IRQHandler
                0x000000000800baf8                TIM1_BRK_TIM15_IRQHandler
 .text.atoi     0x000000000800bafa        0x8 c:/st/stm32cubeide_1.3.0/stm32cubeide/plugins/com.st.stm32cube.ide.mcu.externaltools.gnu-tools-for-stm32.7-2018-q2-update.win32_1.0.0.201904181610/tools/bin/../lib/gcc/arm-none-eabi/7.3.1/../../../../arm-none-eabi/lib/thumb/v7e-m/fpv4-sp/hard\libc_nano.a(lib_a-atoi.o)
                0x000000000800bafa                atoi
 *fill*         0x000000000800bb02        0x2 
 .text.__errno  0x000000000800bb04        0xc c:/st/stm32cubeide_1.3.0/stm32cubeide/plugins/com.st.stm32cube.ide.mcu.externaltools.gnu-tools-for-stm32.7-2018-q2-update.win32_1.0.0.201904181610/tools/bin/../lib/gcc/arm-none-eabi/7.3.1/../../../../arm-none-eabi/lib/thumb/v7e-m/fpv4-sp/hard\libc_nano.a(lib_a-errno.o)
                0x000000000800bb04                __errno
 .text.__libc_init_array
                0x000000000800bb10       0x48 c:/st/stm32cubeide_1.3.0/stm32cubeide/plugins/com.st.stm32cube.ide.mcu.externaltools.gnu-tools-for-stm32.7-2018-q2-update.win32_1.0.0.201904181610/tools/bin/../lib/gcc/arm-none-eabi/7.3.1/../../../../arm-none-eabi/lib/thumb/v7e-m/fpv4-sp/hard\libc_nano.a(lib_a-init.o)
                0x000000000800bb10                __libc_init_array
 .text.memset   0x000000000800bb58       0x10 c:/st/stm32cubeide_1.3.0/stm32cubeide/plugins/com.st.stm32cube.ide.mcu.externaltools.gnu-tools-for-stm32.7-2018-q2-update.win32_1.0.0.201904181610/tools/bin/../lib/gcc/arm-none-eabi/7.3.1/../../../../arm-none-eabi/lib/thumb/v7e-m/fpv4-sp/hard\libc_nano.a(lib_a-memset.o)
                0x000000000800bb58                memset
 .text.sprintf  0x000000000800bb68       0x40 c:/st/stm32cubeide_1.3.0/stm32cubeide/plugins/com.st.stm32cube.ide.mcu.externaltools.gnu-tools-for-stm32.7-2018-q2-update.win32_1.0.0.201904181610/tools/bin/../lib/gcc/arm-none-eabi/7.3.1/../../../../arm-none-eabi/lib/thumb/v7e-m/fpv4-sp/hard\libc_nano.a(lib_a-sprintf.o)
                0x000000000800bb68                siprintf
                0x000000000800bb68                sprintf
 .text._strtol_l.isra.0
                0x000000000800bba8       0xf6 c:/st/stm32cubeide_1.3.0/stm32cubeide/plugins/com.st.stm32cube.ide.mcu.externaltools.gnu-tools-for-stm32.7-2018-q2-update.win32_1.0.0.201904181610/tools/bin/../lib/gcc/arm-none-eabi/7.3.1/../../../../arm-none-eabi/lib/thumb/v7e-m/fpv4-sp/hard\libc_nano.a(lib_a-strtol.o)
 *fill*         0x000000000800bc9e        0x2 
 .text.strtol   0x000000000800bca0       0x2c c:/st/stm32cubeide_1.3.0/stm32cubeide/plugins/com.st.stm32cube.ide.mcu.externaltools.gnu-tools-for-stm32.7-2018-q2-update.win32_1.0.0.201904181610/tools/bin/../lib/gcc/arm-none-eabi/7.3.1/../../../../arm-none-eabi/lib/thumb/v7e-m/fpv4-sp/hard\libc_nano.a(lib_a-strtol.o)
                0x000000000800bca0                strtol
 .text.__locale_ctype_ptr_l
                0x000000000800bccc        0x6 c:/st/stm32cubeide_1.3.0/stm32cubeide/plugins/com.st.stm32cube.ide.mcu.externaltools.gnu-tools-for-stm32.7-2018-q2-update.win32_1.0.0.201904181610/tools/bin/../lib/gcc/arm-none-eabi/7.3.1/../../../../arm-none-eabi/lib/thumb/v7e-m/fpv4-sp/hard\libc_nano.a(lib_a-locale.o)
                0x000000000800bccc                __locale_ctype_ptr_l
 .text.__ascii_mbtowc
                0x000000000800bcd2       0x24 c:/st/stm32cubeide_1.3.0/stm32cubeide/plugins/com.st.stm32cube.ide.mcu.externaltools.gnu-tools-for-stm32.7-2018-q2-update.win32_1.0.0.201904181610/tools/bin/../lib/gcc/arm-none-eabi/7.3.1/../../../../arm-none-eabi/lib/thumb/v7e-m/fpv4-sp/hard\libc_nano.a(lib_a-mbtowc_r.o)
                0x000000000800bcd2                __ascii_mbtowc
 .text.__ssputs_r
                0x000000000800bcf6       0xb4 c:/st/stm32cubeide_1.3.0/stm32cubeide/plugins/com.st.stm32cube.ide.mcu.externaltools.gnu-tools-for-stm32.7-2018-q2-update.win32_1.0.0.201904181610/tools/bin/../lib/gcc/arm-none-eabi/7.3.1/../../../../arm-none-eabi/lib/thumb/v7e-m/fpv4-sp/hard\libc_nano.a(lib_a-nano-svfprintf.o)
                0x000000000800bcf6                __ssputs_r
 *fill*         0x000000000800bdaa        0x2 
 .text._svfprintf_r
                0x000000000800bdac      0x1f0 c:/st/stm32cubeide_1.3.0/stm32cubeide/plugins/com.st.stm32cube.ide.mcu.externaltools.gnu-tools-for-stm32.7-2018-q2-update.win32_1.0.0.201904181610/tools/bin/../lib/gcc/arm-none-eabi/7.3.1/../../../../arm-none-eabi/lib/thumb/v7e-m/fpv4-sp/hard\libc_nano.a(lib_a-nano-svfprintf.o)
                0x000000000800bdac                _svfiprintf_r
                0x000000000800bdac                _svfprintf_r
 .text._printf_common
                0x000000000800bf9c       0xea c:/st/stm32cubeide_1.3.0/stm32cubeide/plugins/com.st.stm32cube.ide.mcu.externaltools.gnu-tools-for-stm32.7-2018-q2-update.win32_1.0.0.201904181610/tools/bin/../lib/gcc/arm-none-eabi/7.3.1/../../../../arm-none-eabi/lib/thumb/v7e-m/fpv4-sp/hard\libc_nano.a(lib_a-nano-vfprintf_i.o)
                0x000000000800bf9c                _printf_common
 *fill*         0x000000000800c086        0x2 
 .text._printf_i
                0x000000000800c088      0x224 c:/st/stm32cubeide_1.3.0/stm32cubeide/plugins/com.st.stm32cube.ide.mcu.externaltools.gnu-tools-for-stm32.7-2018-q2-update.win32_1.0.0.201904181610/tools/bin/../lib/gcc/arm-none-eabi/7.3.1/../../../../arm-none-eabi/lib/thumb/v7e-m/fpv4-sp/hard\libc_nano.a(lib_a-nano-vfprintf_i.o)
                0x000000000800c088                _printf_i
 .text.__ascii_wctomb
                0x000000000800c2ac       0x1a c:/st/stm32cubeide_1.3.0/stm32cubeide/plugins/com.st.stm32cube.ide.mcu.externaltools.gnu-tools-for-stm32.7-2018-q2-update.win32_1.0.0.201904181610/tools/bin/../lib/gcc/arm-none-eabi/7.3.1/../../../../arm-none-eabi/lib/thumb/v7e-m/fpv4-sp/hard\libc_nano.a(lib_a-wctomb_r.o)
                0x000000000800c2ac                __ascii_wctomb
 .text.memcpy   0x000000000800c2c6       0x16 c:/st/stm32cubeide_1.3.0/stm32cubeide/plugins/com.st.stm32cube.ide.mcu.externaltools.gnu-tools-for-stm32.7-2018-q2-update.win32_1.0.0.201904181610/tools/bin/../lib/gcc/arm-none-eabi/7.3.1/../../../../arm-none-eabi/lib/thumb/v7e-m/fpv4-sp/hard\libc_nano.a(lib_a-memcpy-stub.o)
                0x000000000800c2c6                memcpy
 .text.memmove  0x000000000800c2dc       0x32 c:/st/stm32cubeide_1.3.0/stm32cubeide/plugins/com.st.stm32cube.ide.mcu.externaltools.gnu-tools-for-stm32.7-2018-q2-update.win32_1.0.0.201904181610/tools/bin/../lib/gcc/arm-none-eabi/7.3.1/../../../../arm-none-eabi/lib/thumb/v7e-m/fpv4-sp/hard\libc_nano.a(lib_a-memmove.o)
                0x000000000800c2dc                memmove
 *fill*         0x000000000800c30e        0x2 
 .text._free_r  0x000000000800c310       0x9c c:/st/stm32cubeide_1.3.0/stm32cubeide/plugins/com.st.stm32cube.ide.mcu.externaltools.gnu-tools-for-stm32.7-2018-q2-update.win32_1.0.0.201904181610/tools/bin/../lib/gcc/arm-none-eabi/7.3.1/../../../../arm-none-eabi/lib/thumb/v7e-m/fpv4-sp/hard\libc_nano.a(lib_a-nano-freer.o)
                0x000000000800c310                _free_r
 .text._malloc_r
                0x000000000800c3ac       0xb4 c:/st/stm32cubeide_1.3.0/stm32cubeide/plugins/com.st.stm32cube.ide.mcu.externaltools.gnu-tools-for-stm32.7-2018-q2-update.win32_1.0.0.201904181610/tools/bin/../lib/gcc/arm-none-eabi/7.3.1/../../../../arm-none-eabi/lib/thumb/v7e-m/fpv4-sp/hard\libc_nano.a(lib_a-nano-mallocr.o)
                0x000000000800c3ac                _malloc_r
 .text._realloc_r
                0x000000000800c460       0x4c c:/st/stm32cubeide_1.3.0/stm32cubeide/plugins/com.st.stm32cube.ide.mcu.externaltools.gnu-tools-for-stm32.7-2018-q2-update.win32_1.0.0.201904181610/tools/bin/../lib/gcc/arm-none-eabi/7.3.1/../../../../arm-none-eabi/lib/thumb/v7e-m/fpv4-sp/hard\libc_nano.a(lib_a-nano-reallocr.o)
                0x000000000800c460                _realloc_r
 .text._sbrk_r  0x000000000800c4ac       0x20 c:/st/stm32cubeide_1.3.0/stm32cubeide/plugins/com.st.stm32cube.ide.mcu.externaltools.gnu-tools-for-stm32.7-2018-q2-update.win32_1.0.0.201904181610/tools/bin/../lib/gcc/arm-none-eabi/7.3.1/../../../../arm-none-eabi/lib/thumb/v7e-m/fpv4-sp/hard\libc_nano.a(lib_a-sbrkr.o)
                0x000000000800c4ac                _sbrk_r
 .text.__malloc_lock
                0x000000000800c4cc        0x2 c:/st/stm32cubeide_1.3.0/stm32cubeide/plugins/com.st.stm32cube.ide.mcu.externaltools.gnu-tools-for-stm32.7-2018-q2-update.win32_1.0.0.201904181610/tools/bin/../lib/gcc/arm-none-eabi/7.3.1/../../../../arm-none-eabi/lib/thumb/v7e-m/fpv4-sp/hard\libc_nano.a(lib_a-mlock.o)
                0x000000000800c4cc                __malloc_lock
 .text.__malloc_unlock
                0x000000000800c4ce        0x2 c:/st/stm32cubeide_1.3.0/stm32cubeide/plugins/com.st.stm32cube.ide.mcu.externaltools.gnu-tools-for-stm32.7-2018-q2-update.win32_1.0.0.201904181610/tools/bin/../lib/gcc/arm-none-eabi/7.3.1/../../../../arm-none-eabi/lib/thumb/v7e-m/fpv4-sp/hard\libc_nano.a(lib_a-mlock.o)
                0x000000000800c4ce                __malloc_unlock
 .text._malloc_usable_size_r
                0x000000000800c4d0       0x10 c:/st/stm32cubeide_1.3.0/stm32cubeide/plugins/com.st.stm32cube.ide.mcu.externaltools.gnu-tools-for-stm32.7-2018-q2-update.win32_1.0.0.201904181610/tools/bin/../lib/gcc/arm-none-eabi/7.3.1/../../../../arm-none-eabi/lib/thumb/v7e-m/fpv4-sp/hard\libc_nano.a(lib_a-nano-msizer.o)
                0x000000000800c4d0                _malloc_usable_size_r
 .text.log      0x000000000800c4e0      0x100 c:/st/stm32cubeide_1.3.0/stm32cubeide/plugins/com.st.stm32cube.ide.mcu.externaltools.gnu-tools-for-stm32.7-2018-q2-update.win32_1.0.0.201904181610/tools/bin/../lib/gcc/arm-none-eabi/7.3.1/../../../../arm-none-eabi/lib/thumb/v7e-m/fpv4-sp/hard\libm.a(lib_a-w_log.o)
                0x000000000800c4e0                log
 .text.pow      0x000000000800c5e0      0x2e0 c:/st/stm32cubeide_1.3.0/stm32cubeide/plugins/com.st.stm32cube.ide.mcu.externaltools.gnu-tools-for-stm32.7-2018-q2-update.win32_1.0.0.201904181610/tools/bin/../lib/gcc/arm-none-eabi/7.3.1/../../../../arm-none-eabi/lib/thumb/v7e-m/fpv4-sp/hard\libm.a(lib_a-w_pow.o)
                0x000000000800c5e0                pow
 .text.__ieee754_log
                0x000000000800c8c0      0x364 c:/st/stm32cubeide_1.3.0/stm32cubeide/plugins/com.st.stm32cube.ide.mcu.externaltools.gnu-tools-for-stm32.7-2018-q2-update.win32_1.0.0.201904181610/tools/bin/../lib/gcc/arm-none-eabi/7.3.1/../../../../arm-none-eabi/lib/thumb/v7e-m/fpv4-sp/hard\libm.a(lib_a-e_log.o)
                0x000000000800c8c0                __ieee754_log
 *fill*         0x000000000800cc24        0x4 
 .text.__ieee754_pow
                0x000000000800cc28      0xa1c c:/st/stm32cubeide_1.3.0/stm32cubeide/plugins/com.st.stm32cube.ide.mcu.externaltools.gnu-tools-for-stm32.7-2018-q2-update.win32_1.0.0.201904181610/tools/bin/../lib/gcc/arm-none-eabi/7.3.1/../../../../arm-none-eabi/lib/thumb/v7e-m/fpv4-sp/hard\libm.a(lib_a-e_pow.o)
                0x000000000800cc28                __ieee754_pow
 .text.__ieee754_sqrt
                0x000000000800d644      0x160 c:/st/stm32cubeide_1.3.0/stm32cubeide/plugins/com.st.stm32cube.ide.mcu.externaltools.gnu-tools-for-stm32.7-2018-q2-update.win32_1.0.0.201904181610/tools/bin/../lib/gcc/arm-none-eabi/7.3.1/../../../../arm-none-eabi/lib/thumb/v7e-m/fpv4-sp/hard\libm.a(lib_a-e_sqrt.o)
                0x000000000800d644                __ieee754_sqrt
 .text.fabs     0x000000000800d7a4       0x12 c:/st/stm32cubeide_1.3.0/stm32cubeide/plugins/com.st.stm32cube.ide.mcu.externaltools.gnu-tools-for-stm32.7-2018-q2-update.win32_1.0.0.201904181610/tools/bin/../lib/gcc/arm-none-eabi/7.3.1/../../../../arm-none-eabi/lib/thumb/v7e-m/fpv4-sp/hard\libm.a(lib_a-s_fabs.o)
                0x000000000800d7a4                fabs
 .text.finite   0x000000000800d7b6       0x10 c:/st/stm32cubeide_1.3.0/stm32cubeide/plugins/com.st.stm32cube.ide.mcu.externaltools.gnu-tools-for-stm32.7-2018-q2-update.win32_1.0.0.201904181610/tools/bin/../lib/gcc/arm-none-eabi/7.3.1/../../../../arm-none-eabi/lib/thumb/v7e-m/fpv4-sp/hard\libm.a(lib_a-s_finite.o)
                0x000000000800d7b6                finite
 .text.matherr  0x000000000800d7c6        0x4 c:/st/stm32cubeide_1.3.0/stm32cubeide/plugins/com.st.stm32cube.ide.mcu.externaltools.gnu-tools-for-stm32.7-2018-q2-update.win32_1.0.0.201904181610/tools/bin/../lib/gcc/arm-none-eabi/7.3.1/../../../../arm-none-eabi/lib/thumb/v7e-m/fpv4-sp/hard\libm.a(lib_a-s_matherr.o)
                0x000000000800d7c6                matherr
 *fill*         0x000000000800d7ca        0x6 
 .text.nan      0x000000000800d7d0       0x10 c:/st/stm32cubeide_1.3.0/stm32cubeide/plugins/com.st.stm32cube.ide.mcu.externaltools.gnu-tools-for-stm32.7-2018-q2-update.win32_1.0.0.201904181610/tools/bin/../lib/gcc/arm-none-eabi/7.3.1/../../../../arm-none-eabi/lib/thumb/v7e-m/fpv4-sp/hard\libm.a(lib_a-s_nan.o)
                0x000000000800d7d0                nan
 .text.rint     0x000000000800d7e0      0x108 c:/st/stm32cubeide_1.3.0/stm32cubeide/plugins/com.st.stm32cube.ide.mcu.externaltools.gnu-tools-for-stm32.7-2018-q2-update.win32_1.0.0.201904181610/tools/bin/../lib/gcc/arm-none-eabi/7.3.1/../../../../arm-none-eabi/lib/thumb/v7e-m/fpv4-sp/hard\libm.a(lib_a-s_rint.o)
                0x000000000800d7e0                rint
 .text.scalbn   0x000000000800d8e8       0xec c:/st/stm32cubeide_1.3.0/stm32cubeide/plugins/com.st.stm32cube.ide.mcu.externaltools.gnu-tools-for-stm32.7-2018-q2-update.win32_1.0.0.201904181610/tools/bin/../lib/gcc/arm-none-eabi/7.3.1/../../../../arm-none-eabi/lib/thumb/v7e-m/fpv4-sp/hard\libm.a(lib_a-s_scalbn.o)
                0x000000000800d8e8                scalbn
 .text.copysign
                0x000000000800d9d4       0x1e c:/st/stm32cubeide_1.3.0/stm32cubeide/plugins/com.st.stm32cube.ide.mcu.externaltools.gnu-tools-for-stm32.7-2018-q2-update.win32_1.0.0.201904181610/tools/bin/../lib/gcc/arm-none-eabi/7.3.1/../../../../arm-none-eabi/lib/thumb/v7e-m/fpv4-sp/hard\libm.a(lib_a-s_copysign.o)
                0x000000000800d9d4                copysign
 *(.glue_7)
 .glue_7        0x000000000800d9f2        0x0 linker stubs
 *(.glue_7t)
 .glue_7t       0x000000000800d9f2        0x0 linker stubs
 *(.eh_frame)
 *fill*         0x000000000800d9f2        0x2 
 .eh_frame      0x000000000800d9f4        0x0 c:/st/stm32cubeide_1.3.0/stm32cubeide/plugins/com.st.stm32cube.ide.mcu.externaltools.gnu-tools-for-stm32.7-2018-q2-update.win32_1.0.0.201904181610/tools/bin/../lib/gcc/arm-none-eabi/7.3.1/thumb/v7e-m/fpv4-sp/hard/crtbegin.o
 *(.init)
 .init          0x000000000800d9f4        0x4 c:/st/stm32cubeide_1.3.0/stm32cubeide/plugins/com.st.stm32cube.ide.mcu.externaltools.gnu-tools-for-stm32.7-2018-q2-update.win32_1.0.0.201904181610/tools/bin/../lib/gcc/arm-none-eabi/7.3.1/thumb/v7e-m/fpv4-sp/hard/crti.o
                0x000000000800d9f4                _init
 .init          0x000000000800d9f8        0x8 c:/st/stm32cubeide_1.3.0/stm32cubeide/plugins/com.st.stm32cube.ide.mcu.externaltools.gnu-tools-for-stm32.7-2018-q2-update.win32_1.0.0.201904181610/tools/bin/../lib/gcc/arm-none-eabi/7.3.1/thumb/v7e-m/fpv4-sp/hard/crtn.o
 *(.fini)
 .fini          0x000000000800da00        0x4 c:/st/stm32cubeide_1.3.0/stm32cubeide/plugins/com.st.stm32cube.ide.mcu.externaltools.gnu-tools-for-stm32.7-2018-q2-update.win32_1.0.0.201904181610/tools/bin/../lib/gcc/arm-none-eabi/7.3.1/thumb/v7e-m/fpv4-sp/hard/crti.o
                0x000000000800da00                _fini
 .fini          0x000000000800da04        0x8 c:/st/stm32cubeide_1.3.0/stm32cubeide/plugins/com.st.stm32cube.ide.mcu.externaltools.gnu-tools-for-stm32.7-2018-q2-update.win32_1.0.0.201904181610/tools/bin/../lib/gcc/arm-none-eabi/7.3.1/thumb/v7e-m/fpv4-sp/hard/crtn.o
                0x000000000800da0c                . = ALIGN (0x4)
                0x000000000800da0c                _etext = .

.vfp11_veneer   0x000000000800da0c        0x0
 .vfp11_veneer  0x000000000800da0c        0x0 linker stubs

.v4_bx          0x000000000800da0c        0x0
 .v4_bx         0x000000000800da0c        0x0 linker stubs

.iplt           0x000000000800da0c        0x0
 .iplt          0x000000000800da0c        0x0 c:/st/stm32cubeide_1.3.0/stm32cubeide/plugins/com.st.stm32cube.ide.mcu.externaltools.gnu-tools-for-stm32.7-2018-q2-update.win32_1.0.0.201904181610/tools/bin/../lib/gcc/arm-none-eabi/7.3.1/thumb/v7e-m/fpv4-sp/hard/crtbegin.o

.rodata         0x000000000800da10      0x528
                0x000000000800da10                . = ALIGN (0x4)
 *(.rodata)
 .rodata        0x000000000800da10      0x361 Src/main.o
 *(.rodata*)
 *fill*         0x000000000800dd71        0x3 
 .rodata.aPLLMULFactorTable
                0x000000000800dd74       0x10 Drivers/STM32F3xx_HAL_Driver/stm32f3xx_hal_rcc.o
                0x000000000800dd74                aPLLMULFactorTable
 .rodata.aPredivFactorTable
                0x000000000800dd84       0x10 Drivers/STM32F3xx_HAL_Driver/stm32f3xx_hal_rcc.o
                0x000000000800dd84                aPredivFactorTable
 .rodata.AHBPrescTable
                0x000000000800dd94       0x10 Src/system_stm32f3xx.o
                0x000000000800dd94                AHBPrescTable
 .rodata.APBPrescTable
                0x000000000800dda4        0x8 Src/system_stm32f3xx.o
                0x000000000800dda4                APBPrescTable
 .rodata._setlocale_r.str1.1
                0x000000000800ddac        0x8 c:/st/stm32cubeide_1.3.0/stm32cubeide/plugins/com.st.stm32cube.ide.mcu.externaltools.gnu-tools-for-stm32.7-2018-q2-update.win32_1.0.0.201904181610/tools/bin/../lib/gcc/arm-none-eabi/7.3.1/../../../../arm-none-eabi/lib/thumb/v7e-m/fpv4-sp/hard\libc_nano.a(lib_a-locale.o)
                                          0x9 (size before relaxing)
 .rodata.str1.1
                0x000000000800ddb4        0x2 c:/st/stm32cubeide_1.3.0/stm32cubeide/plugins/com.st.stm32cube.ide.mcu.externaltools.gnu-tools-for-stm32.7-2018-q2-update.win32_1.0.0.201904181610/tools/bin/../lib/gcc/arm-none-eabi/7.3.1/../../../../arm-none-eabi/lib/thumb/v7e-m/fpv4-sp/hard\libc_nano.a(lib_a-locale.o)
 .rodata._svfprintf_r.str1.1
                0x000000000800ddb6       0x11 c:/st/stm32cubeide_1.3.0/stm32cubeide/plugins/com.st.stm32cube.ide.mcu.externaltools.gnu-tools-for-stm32.7-2018-q2-update.win32_1.0.0.201904181610/tools/bin/../lib/gcc/arm-none-eabi/7.3.1/../../../../arm-none-eabi/lib/thumb/v7e-m/fpv4-sp/hard\libc_nano.a(lib_a-nano-svfprintf.o)
 .rodata._printf_i.str1.1
                0x000000000800ddc7       0x22 c:/st/stm32cubeide_1.3.0/stm32cubeide/plugins/com.st.stm32cube.ide.mcu.externaltools.gnu-tools-for-stm32.7-2018-q2-update.win32_1.0.0.201904181610/tools/bin/../lib/gcc/arm-none-eabi/7.3.1/../../../../arm-none-eabi/lib/thumb/v7e-m/fpv4-sp/hard\libc_nano.a(lib_a-nano-vfprintf_i.o)
 .rodata._ctype_
                0x000000000800dde9      0x101 c:/st/stm32cubeide_1.3.0/stm32cubeide/plugins/com.st.stm32cube.ide.mcu.externaltools.gnu-tools-for-stm32.7-2018-q2-update.win32_1.0.0.201904181610/tools/bin/../lib/gcc/arm-none-eabi/7.3.1/../../../../arm-none-eabi/lib/thumb/v7e-m/fpv4-sp/hard\libc_nano.a(lib_a-ctype_.o)
                0x000000000800dde9                _ctype_
 .rodata.log.str1.1
                0x000000000800deea        0x4 c:/st/stm32cubeide_1.3.0/stm32cubeide/plugins/com.st.stm32cube.ide.mcu.externaltools.gnu-tools-for-stm32.7-2018-q2-update.win32_1.0.0.201904181610/tools/bin/../lib/gcc/arm-none-eabi/7.3.1/../../../../arm-none-eabi/lib/thumb/v7e-m/fpv4-sp/hard\libm.a(lib_a-w_log.o)
                                          0x5 (size before relaxing)
 .rodata.pow.str1.1
                0x000000000800deee        0x4 c:/st/stm32cubeide_1.3.0/stm32cubeide/plugins/com.st.stm32cube.ide.mcu.externaltools.gnu-tools-for-stm32.7-2018-q2-update.win32_1.0.0.201904181610/tools/bin/../lib/gcc/arm-none-eabi/7.3.1/../../../../arm-none-eabi/lib/thumb/v7e-m/fpv4-sp/hard\libm.a(lib_a-w_pow.o)
 .rodata.__ieee754_pow.str1.1
                0x000000000800def2        0x1 c:/st/stm32cubeide_1.3.0/stm32cubeide/plugins/com.st.stm32cube.ide.mcu.externaltools.gnu-tools-for-stm32.7-2018-q2-update.win32_1.0.0.201904181610/tools/bin/../lib/gcc/arm-none-eabi/7.3.1/../../../../arm-none-eabi/lib/thumb/v7e-m/fpv4-sp/hard\libm.a(lib_a-e_pow.o)
 *fill*         0x000000000800def2        0x6 
 .rodata.bp     0x000000000800def8       0x10 c:/st/stm32cubeide_1.3.0/stm32cubeide/plugins/com.st.stm32cube.ide.mcu.externaltools.gnu-tools-for-stm32.7-2018-q2-update.win32_1.0.0.201904181610/tools/bin/../lib/gcc/arm-none-eabi/7.3.1/../../../../arm-none-eabi/lib/thumb/v7e-m/fpv4-sp/hard\libm.a(lib_a-e_pow.o)
 .rodata.dp_h   0x000000000800df08       0x10 c:/st/stm32cubeide_1.3.0/stm32cubeide/plugins/com.st.stm32cube.ide.mcu.externaltools.gnu-tools-for-stm32.7-2018-q2-update.win32_1.0.0.201904181610/tools/bin/../lib/gcc/arm-none-eabi/7.3.1/../../../../arm-none-eabi/lib/thumb/v7e-m/fpv4-sp/hard\libm.a(lib_a-e_pow.o)
 .rodata.dp_l   0x000000000800df18       0x10 c:/st/stm32cubeide_1.3.0/stm32cubeide/plugins/com.st.stm32cube.ide.mcu.externaltools.gnu-tools-for-stm32.7-2018-q2-update.win32_1.0.0.201904181610/tools/bin/../lib/gcc/arm-none-eabi/7.3.1/../../../../arm-none-eabi/lib/thumb/v7e-m/fpv4-sp/hard\libm.a(lib_a-e_pow.o)
 .rodata.TWO52  0x000000000800df28       0x10 c:/st/stm32cubeide_1.3.0/stm32cubeide/plugins/com.st.stm32cube.ide.mcu.externaltools.gnu-tools-for-stm32.7-2018-q2-update.win32_1.0.0.201904181610/tools/bin/../lib/gcc/arm-none-eabi/7.3.1/../../../../arm-none-eabi/lib/thumb/v7e-m/fpv4-sp/hard\libm.a(lib_a-s_rint.o)
                0x000000000800df38                . = ALIGN (0x4)

.rel.dyn        0x000000000800df38        0x0
 .rel.iplt      0x000000000800df38        0x0 c:/st/stm32cubeide_1.3.0/stm32cubeide/plugins/com.st.stm32cube.ide.mcu.externaltools.gnu-tools-for-stm32.7-2018-q2-update.win32_1.0.0.201904181610/tools/bin/../lib/gcc/arm-none-eabi/7.3.1/thumb/v7e-m/fpv4-sp/hard/crtbegin.o

.ARM.extab      0x000000000800df38        0x0
                0x000000000800df38                . = ALIGN (0x4)
 *(.ARM.extab* .gnu.linkonce.armextab.*)
                0x000000000800df38                . = ALIGN (0x4)

.ARM            0x000000000800df38        0x0
                0x000000000800df38                . = ALIGN (0x4)
                0x000000000800df38                __exidx_start = .
 *(.ARM.exidx*)
                0x000000000800df38                __exidx_end = .
                0x000000000800df38                . = ALIGN (0x4)

.preinit_array  0x000000000800df38        0x0
                0x000000000800df38                . = ALIGN (0x4)
                0x000000000800df38                PROVIDE (__preinit_array_start = .)
 *(.preinit_array*)
                0x000000000800df38                PROVIDE (__preinit_array_end = .)
                0x000000000800df38                . = ALIGN (0x4)

.init_array     0x000000000800df38        0x4
                0x000000000800df38                . = ALIGN (0x4)
                0x000000000800df38                PROVIDE (__init_array_start = .)
 *(SORT_BY_NAME(.init_array.*))
 *(.init_array*)
 .init_array    0x000000000800df38        0x4 c:/st/stm32cubeide_1.3.0/stm32cubeide/plugins/com.st.stm32cube.ide.mcu.externaltools.gnu-tools-for-stm32.7-2018-q2-update.win32_1.0.0.201904181610/tools/bin/../lib/gcc/arm-none-eabi/7.3.1/thumb/v7e-m/fpv4-sp/hard/crtbegin.o
                0x000000000800df3c                PROVIDE (__init_array_end = .)
                0x000000000800df3c                . = ALIGN (0x4)

.fini_array     0x000000000800df3c        0x4
                0x000000000800df3c                . = ALIGN (0x4)
                [!provide]                        PROVIDE (__fini_array_start = .)
 *(SORT_BY_NAME(.fini_array.*))
 *(.fini_array*)
 .fini_array    0x000000000800df3c        0x4 c:/st/stm32cubeide_1.3.0/stm32cubeide/plugins/com.st.stm32cube.ide.mcu.externaltools.gnu-tools-for-stm32.7-2018-q2-update.win32_1.0.0.201904181610/tools/bin/../lib/gcc/arm-none-eabi/7.3.1/thumb/v7e-m/fpv4-sp/hard/crtbegin.o
                [!provide]                        PROVIDE (__fini_array_end = .)
                0x000000000800df40                . = ALIGN (0x4)
                0x000000000800df40                _sidata = LOADADDR (.data)

.data           0x0000000020000000      0x290 load address 0x000000000800df40
                0x0000000020000000                . = ALIGN (0x4)
                0x0000000020000000                _sdata = .
 *(.data)
 *(.data*)
 .data.uwTickPrio
                0x0000000020000000        0x4 Drivers/STM32F3xx_HAL_Driver/stm32f3xx_hal.o
                0x0000000020000000                uwTickPrio
 .data.uwTickFreq
                0x0000000020000004        0x1 Drivers/STM32F3xx_HAL_Driver/stm32f3xx_hal.o
                0x0000000020000004                uwTickFreq
 *fill*         0x0000000020000005        0x3 
 .data.KP_I_buck
                0x0000000020000008        0x4 Src/main.o
 .data.KI_I_buck
                0x000000002000000c        0x4 Src/main.o
 .data.KP_V_buck
                0x0000000020000010        0x4 Src/main.o
 .data.KI_V_buck
                0x0000000020000014        0x4 Src/main.o
 .data.KD_V_buck
                0x0000000020000018        0x4 Src/main.o
 .data.KP_I_boost
                0x000000002000001c        0x4 Src/main.o
 .data.KI_I_boost
                0x0000000020000020        0x4 Src/main.o
 .data.KP_V_boost
                0x0000000020000024        0x4 Src/main.o
 .data.KI_V_boost
                0x0000000020000028        0x4 Src/main.o
 .data.OwnID    0x000000002000002c        0x2 Src/main.o
                0x000000002000002c                OwnID
 *fill*         0x000000002000002e        0x2 
 .data.batteryCharge
                0x0000000020000030        0x8 Src/main.o
                0x0000000020000030                batteryCharge
 .data.A1       0x0000000020000038        0x8 Src/main.o
 .data.B1       0x0000000020000040        0x8 Src/main.o
 .data.C1       0x0000000020000048        0x8 Src/main.o
 .data.A2       0x0000000020000050        0x8 Src/main.o
 .data.B2       0x0000000020000058        0x8 Src/main.o
 .data.C2       0x0000000020000060        0x8 Src/main.o
 .data.A3       0x0000000020000068        0x8 Src/main.o
 .data.B3       0x0000000020000070        0x8 Src/main.o
 .data.C3       0x0000000020000078        0x8 Src/main.o
 .data.A4       0x0000000020000080        0x8 Src/main.o
 .data.B4       0x0000000020000088        0x8 Src/main.o
 .data.C4       0x0000000020000090        0x8 Src/main.o
 .data.currentLimit
                0x0000000020000098        0x4 Src/main.o
 .data.setpoint_V
                0x000000002000009c        0x4 Src/main.o
 .data.pidMinLimit_I
                0x00000000200000a0        0x4 Src/main.o
 .data.pidMaxLimit_I
                0x00000000200000a4        0x4 Src/main.o
 .data.integralMax_I
                0x00000000200000a8        0x4 Src/main.o
 .data.integralMin_I
                0x00000000200000ac        0x4 Src/main.o
 .data.MOSFET   0x00000000200000b0        0x4 Src/main.o
                0x00000000200000b0                MOSFET
 .data.firstRun.10416
                0x00000000200000b4        0x1 Src/main.o
 *fill*         0x00000000200000b5        0x1 
 .data.delayTime.10419
                0x00000000200000b6        0x2 Src/main.o
 .data.SystemCoreClock
                0x00000000200000b8        0x4 Src/system_stm32f3xx.o
                0x00000000200000b8                SystemCoreClock
 .data._impure_ptr
                0x00000000200000bc        0x4 c:/st/stm32cubeide_1.3.0/stm32cubeide/plugins/com.st.stm32cube.ide.mcu.externaltools.gnu-tools-for-stm32.7-2018-q2-update.win32_1.0.0.201904181610/tools/bin/../lib/gcc/arm-none-eabi/7.3.1/../../../../arm-none-eabi/lib/thumb/v7e-m/fpv4-sp/hard\libc_nano.a(lib_a-impure.o)
                0x00000000200000bc                _impure_ptr
 .data.impure_data
                0x00000000200000c0       0x60 c:/st/stm32cubeide_1.3.0/stm32cubeide/plugins/com.st.stm32cube.ide.mcu.externaltools.gnu-tools-for-stm32.7-2018-q2-update.win32_1.0.0.201904181610/tools/bin/../lib/gcc/arm-none-eabi/7.3.1/../../../../arm-none-eabi/lib/thumb/v7e-m/fpv4-sp/hard\libc_nano.a(lib_a-impure.o)
 .data.__global_locale
                0x0000000020000120      0x16c c:/st/stm32cubeide_1.3.0/stm32cubeide/plugins/com.st.stm32cube.ide.mcu.externaltools.gnu-tools-for-stm32.7-2018-q2-update.win32_1.0.0.201904181610/tools/bin/../lib/gcc/arm-none-eabi/7.3.1/../../../../arm-none-eabi/lib/thumb/v7e-m/fpv4-sp/hard\libc_nano.a(lib_a-locale.o)
                0x0000000020000120                __global_locale
 .data.__fdlib_version
                0x000000002000028c        0x1 c:/st/stm32cubeide_1.3.0/stm32cubeide/plugins/com.st.stm32cube.ide.mcu.externaltools.gnu-tools-for-stm32.7-2018-q2-update.win32_1.0.0.201904181610/tools/bin/../lib/gcc/arm-none-eabi/7.3.1/../../../../arm-none-eabi/lib/thumb/v7e-m/fpv4-sp/hard\libm.a(lib_a-s_lib_ver.o)
                0x000000002000028c                __fdlib_version
                0x0000000020000290                . = ALIGN (0x4)
 *fill*         0x000000002000028d        0x3 
                0x0000000020000290                _edata = .

.igot.plt       0x0000000020000290        0x0 load address 0x000000000800e1d0
 .igot.plt      0x0000000020000290        0x0 c:/st/stm32cubeide_1.3.0/stm32cubeide/plugins/com.st.stm32cube.ide.mcu.externaltools.gnu-tools-for-stm32.7-2018-q2-update.win32_1.0.0.201904181610/tools/bin/../lib/gcc/arm-none-eabi/7.3.1/thumb/v7e-m/fpv4-sp/hard/crtbegin.o
                0x0000000020000290                . = ALIGN (0x4)

.bss            0x0000000020000290     0x2df8 load address 0x000000000800e1d0
                0x0000000020000290                _sbss = .
                0x0000000020000290                __bss_start__ = _sbss
 *(.bss)
 .bss           0x0000000020000290       0x1c c:/st/stm32cubeide_1.3.0/stm32cubeide/plugins/com.st.stm32cube.ide.mcu.externaltools.gnu-tools-for-stm32.7-2018-q2-update.win32_1.0.0.201904181610/tools/bin/../lib/gcc/arm-none-eabi/7.3.1/thumb/v7e-m/fpv4-sp/hard/crtbegin.o
 *(.bss*)
 .bss.KD_I_buck
                0x00000000200002ac        0x4 Src/main.o
 .bss.KD_I_boost
                0x00000000200002b0        0x4 Src/main.o
 .bss.KD_V_boost
                0x00000000200002b4        0x4 Src/main.o
 .bss.parsedOperand
                0x00000000200002b8        0x6 Src/main.o
                0x00000000200002b8                parsedOperand
 *fill*         0x00000000200002be        0x2 
 .bss.operand   0x00000000200002c0        0x4 Src/main.o
                0x00000000200002c0                operand
 .bss.myTxMessage
                0x00000000200002c4       0x1c Src/main.o
 .bss.myRxMessage
                0x00000000200002e0       0x24 Src/main.o
 .bss.CanRxData
                0x0000000020000304        0x8 Src/main.o
                0x0000000020000304                CanRxData
 .bss.boostEnable
                0x000000002000030c        0x1 Src/main.o
                0x000000002000030c                boostEnable
 .bss.chargerEnable
                0x000000002000030d        0x1 Src/main.o
                0x000000002000030d                chargerEnable
 .bss.balancingComplete
                0x000000002000030e        0x1 Src/main.o
                0x000000002000030e                balancingComplete
 .bss.balanceEnable
                0x000000002000030f        0x1 Src/main.o
                0x000000002000030f                balanceEnable
 .bss.blockCellVoltageUpdating
                0x0000000020000310        0x1 Src/main.o
                0x0000000020000310                blockCellVoltageUpdating
 .bss.goToSleepFlag
                0x0000000020000311        0x1 Src/main.o
                0x0000000020000311                goToSleepFlag
 .bss.boostEnableOld
                0x0000000020000312        0x1 Src/main.o
                0x0000000020000312                boostEnableOld
 .bss.operationFromCan
                0x0000000020000313        0x1 Src/main.o
                0x0000000020000313                operationFromCan
 .bss.battOverCurrTrip
                0x0000000020000314        0x1 Src/main.o
                0x0000000020000314                battOverCurrTrip
 .bss.battOverVoltTrip
                0x0000000020000315        0x1 Src/main.o
                0x0000000020000315                battOverVoltTrip
 .bss.battUnderVoltTrip
                0x0000000020000316        0x1 Src/main.o
                0x0000000020000316                battUnderVoltTrip
 .bss.battOverTempTrip
                0x0000000020000317        0x1 Src/main.o
                0x0000000020000317                battOverTempTrip
 .bss.battUnderTempTrip
                0x0000000020000318        0x1 Src/main.o
                0x0000000020000318                battUnderTempTrip
 .bss.chgrOverTempTrip
                0x0000000020000319        0x1 Src/main.o
                0x0000000020000319                chgrOverTempTrip
 .bss.chgrUnderTempTrip
                0x000000002000031a        0x1 Src/main.o
                0x000000002000031a                chgrUnderTempTrip
 .bss.battRegenCurrTrip
                0x000000002000031b        0x1 Src/main.o
                0x000000002000031b                battRegenCurrTrip
 .bss.VinADC    0x000000002000031c        0x2 Src/main.o
                0x000000002000031c                VinADC
 .bss.VCell0_ADC
                0x000000002000031e        0x2 Src/main.o
                0x000000002000031e                VCell0_ADC
 .bss.VCell1_ADC
                0x0000000020000320        0x2 Src/main.o
                0x0000000020000320                VCell1_ADC
 .bss.VCell2_ADC
                0x0000000020000322        0x2 Src/main.o
                0x0000000020000322                VCell2_ADC
 .bss.VCell3_ADC
                0x0000000020000324        0x2 Src/main.o
                0x0000000020000324                VCell3_ADC
 .bss.VCell4_ADC
                0x0000000020000326        0x2 Src/main.o
                0x0000000020000326                VCell4_ADC
 .bss.VCell5_ADC
                0x0000000020000328        0x2 Src/main.o
                0x0000000020000328                VCell5_ADC
 .bss.VCell6_ADC
                0x000000002000032a        0x2 Src/main.o
                0x000000002000032a                VCell6_ADC
 .bss.IOutChg_ADC
                0x000000002000032c        0x2 Src/main.o
                0x000000002000032c                IOutChg_ADC
 .bss.IOutDschg_ADC
                0x000000002000032e        0x2 Src/main.o
                0x000000002000032e                IOutDschg_ADC
 .bss.temp1_ADC
                0x0000000020000330        0x2 Src/main.o
                0x0000000020000330                temp1_ADC
 .bss.temp2_ADC
                0x0000000020000332        0x2 Src/main.o
                0x0000000020000332                temp2_ADC
 .bss.temp3_ADC
                0x0000000020000334        0x2 Src/main.o
                0x0000000020000334                temp3_ADC
 .bss.temp4_ADC
                0x0000000020000336        0x2 Src/main.o
                0x0000000020000336                temp4_ADC
 .bss.rTherm1   0x0000000020000338        0x8 Src/main.o
                0x0000000020000338                rTherm1
 .bss.rTherm2   0x0000000020000340        0x8 Src/main.o
                0x0000000020000340                rTherm2
 .bss.rTherm3   0x0000000020000348        0x8 Src/main.o
                0x0000000020000348                rTherm3
 .bss.rTherm4   0x0000000020000350        0x8 Src/main.o
                0x0000000020000350                rTherm4
 .bss.temp1     0x0000000020000358        0x4 Src/main.o
                0x0000000020000358                temp1
 .bss.temp2     0x000000002000035c        0x4 Src/main.o
                0x000000002000035c                temp2
 .bss.temp3     0x0000000020000360        0x4 Src/main.o
                0x0000000020000360                temp3
 .bss.temp4     0x0000000020000364        0x4 Src/main.o
                0x0000000020000364                temp4
 .bss.kP_V      0x0000000020000368        0x4 Src/main.o
 .bss.kI_V      0x000000002000036c        0x4 Src/main.o
 .bss.kD_V      0x0000000020000370        0x4 Src/main.o
 .bss.error_V   0x0000000020000374        0x4 Src/main.o
 .bss.prevError_V
                0x0000000020000378        0x4 Src/main.o
 .bss.proportional_V
                0x000000002000037c        0x4 Src/main.o
 .bss.integral_V
                0x0000000020000380        0x4 Src/main.o
 .bss.derivative_V
                0x0000000020000384        0x4 Src/main.o
 .bss.presentValue_V
                0x0000000020000388        0x4 Src/main.o
 .bss.pidOutput_V
                0x000000002000038c        0x4 Src/main.o
 .bss.kP_I      0x0000000020000390        0x4 Src/main.o
 .bss.kI_I      0x0000000020000394        0x4 Src/main.o
 .bss.kD_I      0x0000000020000398        0x4 Src/main.o
 .bss.error_I   0x000000002000039c        0x4 Src/main.o
 .bss.prevError_I
                0x00000000200003a0        0x4 Src/main.o
 .bss.proportional_I
                0x00000000200003a4        0x4 Src/main.o
 .bss.integral_I
                0x00000000200003a8        0x4 Src/main.o
 .bss.derivative_I
                0x00000000200003ac        0x4 Src/main.o
 .bss.presentValue_I
                0x00000000200003b0        0x4 Src/main.o
 .bss.setpoint_I
                0x00000000200003b4        0x4 Src/main.o
 .bss.pidOutput_I
                0x00000000200003b8        0x4 Src/main.o
 .bss.VC0       0x00000000200003bc        0x4 Src/main.o
                0x00000000200003bc                VC0
 .bss.VC1       0x00000000200003c0        0x4 Src/main.o
                0x00000000200003c0                VC1
 .bss.VC2       0x00000000200003c4        0x4 Src/main.o
                0x00000000200003c4                VC2
 .bss.VC3       0x00000000200003c8        0x4 Src/main.o
                0x00000000200003c8                VC3
 .bss.VC4       0x00000000200003cc        0x4 Src/main.o
                0x00000000200003cc                VC4
 .bss.VC5       0x00000000200003d0        0x4 Src/main.o
                0x00000000200003d0                VC5
 .bss.VC6       0x00000000200003d4        0x4 Src/main.o
                0x00000000200003d4                VC6
 .bss.vCell1    0x00000000200003d8        0x4 Src/main.o
                0x00000000200003d8                vCell1
 .bss.vCell2    0x00000000200003dc        0x4 Src/main.o
                0x00000000200003dc                vCell2
 .bss.vCell3    0x00000000200003e0        0x4 Src/main.o
                0x00000000200003e0                vCell3
 .bss.vCell4    0x00000000200003e4        0x4 Src/main.o
                0x00000000200003e4                vCell4
 .bss.vCell5    0x00000000200003e8        0x4 Src/main.o
                0x00000000200003e8                vCell5
 .bss.vCell6    0x00000000200003ec        0x4 Src/main.o
                0x00000000200003ec                vCell6
 .bss.vIn       0x00000000200003f0        0x4 Src/main.o
                0x00000000200003f0                vIn
 .bss.IOutChg   0x00000000200003f4        0x4 Src/main.o
                0x00000000200003f4                IOutChg
 .bss.IOutDchg  0x00000000200003f8        0x4 Src/main.o
                0x00000000200003f8                IOutDchg
 .bss.errorCode
                0x00000000200003fc        0x4 Src/main.o
                0x00000000200003fc                errorCode
 .bss.counter.10484
                0x0000000020000400        0x2 Src/main.o
 .bss.cellBalanceCounter.10485
                0x0000000020000402        0x2 Src/main.o
 .bss.buckToBoostHandoverTimer.10486
                0x0000000020000404        0x1 Src/main.o
 .bss.balanceEnableTimer.10487
                0x0000000020000405        0x1 Src/main.o
 *fill*         0x0000000020000406        0x2 
 .bss.HAL_RCC_ADC12_CLK_ENABLED
                0x0000000020000408        0x4 Src/stm32f3xx_hal_msp.o
 .bss.HAL_RCC_ADC34_CLK_ENABLED
                0x000000002000040c        0x4 Src/stm32f3xx_hal_msp.o
 .bss.heap_end.6424
                0x0000000020000410        0x4 Src/sysmem.o
 .bss.__malloc_free_list
                0x0000000020000414        0x4 c:/st/stm32cubeide_1.3.0/stm32cubeide/plugins/com.st.stm32cube.ide.mcu.externaltools.gnu-tools-for-stm32.7-2018-q2-update.win32_1.0.0.201904181610/tools/bin/../lib/gcc/arm-none-eabi/7.3.1/../../../../arm-none-eabi/lib/thumb/v7e-m/fpv4-sp/hard\libc_nano.a(lib_a-nano-mallocr.o)
                0x0000000020000414                __malloc_free_list
 .bss.__malloc_sbrk_start
                0x0000000020000418        0x4 c:/st/stm32cubeide_1.3.0/stm32cubeide/plugins/com.st.stm32cube.ide.mcu.externaltools.gnu-tools-for-stm32.7-2018-q2-update.win32_1.0.0.201904181610/tools/bin/../lib/gcc/arm-none-eabi/7.3.1/../../../../arm-none-eabi/lib/thumb/v7e-m/fpv4-sp/hard\libc_nano.a(lib_a-nano-mallocr.o)
                0x0000000020000418                __malloc_sbrk_start
 *(COMMON)
 COMMON         0x000000002000041c        0x4 Drivers/STM32F3xx_HAL_Driver/stm32f3xx_hal.o
                0x000000002000041c                uwTick
 COMMON         0x0000000020000420     0x2c64 Src/main.o
                0x0000000020000420                hdma_adc4
                0x0000000020000464                hdma_usart3_rx
                0x00000000200004a8                huart3
                0x0000000020000518                hadc2
                0x000000002000056c                hcan
                0x00000000200005b0                msg
                0x00000000200007b0                hdma_adc3
                0x00000000200007f4                hadc1
                0x0000000020000848                hadc3
                0x000000002000089c                hdma_adc1
                0x00000000200008e0                adc3Buffer
                0x00000000200012e0                TxRx_data
                0x00000000200012e8                htim1
                0x0000000020001328                adc1Buffer
                0x0000000020002128                opCode
                0x000000002000212c                adc2Buffer
                0x00000000200023ac                adc4Buffer
                0x0000000020002fac                htim2
                0x0000000020002fec                hadc4
                0x0000000020003040                hdma_adc2
 COMMON         0x0000000020003084        0x4 c:/st/stm32cubeide_1.3.0/stm32cubeide/plugins/com.st.stm32cube.ide.mcu.externaltools.gnu-tools-for-stm32.7-2018-q2-update.win32_1.0.0.201904181610/tools/bin/../lib/gcc/arm-none-eabi/7.3.1/../../../../arm-none-eabi/lib/thumb/v7e-m/fpv4-sp/hard\libc_nano.a(lib_a-reent.o)
                0x0000000020003084                errno
                0x0000000020003088                . = ALIGN (0x4)
                0x0000000020003088                _ebss = .
                0x0000000020003088                __bss_end__ = _ebss

._user_heap_stack
                0x0000000020003088      0x600 load address 0x000000000800e1d0
                0x0000000020003088                . = ALIGN (0x8)
                0x0000000020003088                PROVIDE (end = .)
                [!provide]                        PROVIDE (_end = .)
                0x0000000020003288                . = (. + _Min_Heap_Size)
 *fill*         0x0000000020003088      0x200 
                0x0000000020003688                . = (. + _Min_Stack_Size)
 *fill*         0x0000000020003288      0x400 
                0x0000000020003688                . = ALIGN (0x8)

/DISCARD/
 libc.a(*)
 libm.a(*)
 libgcc.a(*)

.ARM.attributes
                0x0000000000000000       0x30
 *(.ARM.attributes)
 .ARM.attributes
                0x0000000000000000       0x22 c:/st/stm32cubeide_1.3.0/stm32cubeide/plugins/com.st.stm32cube.ide.mcu.externaltools.gnu-tools-for-stm32.7-2018-q2-update.win32_1.0.0.201904181610/tools/bin/../lib/gcc/arm-none-eabi/7.3.1/thumb/v7e-m/fpv4-sp/hard/crti.o
 .ARM.attributes
                0x0000000000000022       0x34 c:/st/stm32cubeide_1.3.0/stm32cubeide/plugins/com.st.stm32cube.ide.mcu.externaltools.gnu-tools-for-stm32.7-2018-q2-update.win32_1.0.0.201904181610/tools/bin/../lib/gcc/arm-none-eabi/7.3.1/thumb/v7e-m/fpv4-sp/hard/crtbegin.o
 .ARM.attributes
                0x0000000000000056       0x39 Drivers/STM32F3xx_HAL_Driver/stm32f3xx_hal.o
 .ARM.attributes
                0x000000000000008f       0x39 Drivers/STM32F3xx_HAL_Driver/stm32f3xx_hal_adc.o
 .ARM.attributes
                0x00000000000000c8       0x39 Drivers/STM32F3xx_HAL_Driver/stm32f3xx_hal_adc_ex.o
 .ARM.attributes
                0x0000000000000101       0x39 Drivers/STM32F3xx_HAL_Driver/stm32f3xx_hal_can.o
 .ARM.attributes
                0x000000000000013a       0x39 Drivers/STM32F3xx_HAL_Driver/stm32f3xx_hal_cortex.o
 .ARM.attributes
                0x0000000000000173       0x39 Drivers/STM32F3xx_HAL_Driver/stm32f3xx_hal_dma.o
 .ARM.attributes
                0x00000000000001ac       0x39 Drivers/STM32F3xx_HAL_Driver/stm32f3xx_hal_gpio.o
 .ARM.attributes
                0x00000000000001e5       0x39 Drivers/STM32F3xx_HAL_Driver/stm32f3xx_hal_pwr.o
 .ARM.attributes
                0x000000000000021e       0x39 Drivers/STM32F3xx_HAL_Driver/stm32f3xx_hal_rcc.o
 .ARM.attributes
                0x0000000000000257       0x39 Drivers/STM32F3xx_HAL_Driver/stm32f3xx_hal_rcc_ex.o
 .ARM.attributes
                0x0000000000000290       0x39 Drivers/STM32F3xx_HAL_Driver/stm32f3xx_hal_tim.o
 .ARM.attributes
                0x00000000000002c9       0x39 Drivers/STM32F3xx_HAL_Driver/stm32f3xx_hal_tim_ex.o
 .ARM.attributes
                0x0000000000000302       0x39 Drivers/STM32F3xx_HAL_Driver/stm32f3xx_hal_uart.o
 .ARM.attributes
                0x000000000000033b       0x39 Drivers/STM32F3xx_HAL_Driver/stm32f3xx_hal_uart_ex.o
 .ARM.attributes
                0x0000000000000374       0x39 Src/main.o
 .ARM.attributes
                0x00000000000003ad       0x39 Src/stm32f3xx_hal_msp.o
 .ARM.attributes
                0x00000000000003e6       0x39 Src/stm32f3xx_it.o
 .ARM.attributes
                0x000000000000041f       0x39 Src/sysmem.o
 .ARM.attributes
                0x0000000000000458       0x39 Src/system_stm32f3xx.o
 .ARM.attributes
                0x0000000000000491       0x21 Startup/startup_stm32f303retx.o
 .ARM.attributes
                0x00000000000004b2       0x34 c:/st/stm32cubeide_1.3.0/stm32cubeide/plugins/com.st.stm32cube.ide.mcu.externaltools.gnu-tools-for-stm32.7-2018-q2-update.win32_1.0.0.201904181610/tools/bin/../lib/gcc/arm-none-eabi/7.3.1/../../../../arm-none-eabi/lib/thumb/v7e-m/fpv4-sp/hard\libc_nano.a(lib_a-atoi.o)
 .ARM.attributes
                0x00000000000004e6       0x34 c:/st/stm32cubeide_1.3.0/stm32cubeide/plugins/com.st.stm32cube.ide.mcu.externaltools.gnu-tools-for-stm32.7-2018-q2-update.win32_1.0.0.201904181610/tools/bin/../lib/gcc/arm-none-eabi/7.3.1/../../../../arm-none-eabi/lib/thumb/v7e-m/fpv4-sp/hard\libc_nano.a(lib_a-errno.o)
 .ARM.attributes
                0x000000000000051a       0x34 c:/st/stm32cubeide_1.3.0/stm32cubeide/plugins/com.st.stm32cube.ide.mcu.externaltools.gnu-tools-for-stm32.7-2018-q2-update.win32_1.0.0.201904181610/tools/bin/../lib/gcc/arm-none-eabi/7.3.1/../../../../arm-none-eabi/lib/thumb/v7e-m/fpv4-sp/hard\libc_nano.a(lib_a-impure.o)
 .ARM.attributes
                0x000000000000054e       0x34 c:/st/stm32cubeide_1.3.0/stm32cubeide/plugins/com.st.stm32cube.ide.mcu.externaltools.gnu-tools-for-stm32.7-2018-q2-update.win32_1.0.0.201904181610/tools/bin/../lib/gcc/arm-none-eabi/7.3.1/../../../../arm-none-eabi/lib/thumb/v7e-m/fpv4-sp/hard\libc_nano.a(lib_a-init.o)
 .ARM.attributes
                0x0000000000000582       0x34 c:/st/stm32cubeide_1.3.0/stm32cubeide/plugins/com.st.stm32cube.ide.mcu.externaltools.gnu-tools-for-stm32.7-2018-q2-update.win32_1.0.0.201904181610/tools/bin/../lib/gcc/arm-none-eabi/7.3.1/../../../../arm-none-eabi/lib/thumb/v7e-m/fpv4-sp/hard\libc_nano.a(lib_a-memset.o)
 .ARM.attributes
                0x00000000000005b6       0x34 c:/st/stm32cubeide_1.3.0/stm32cubeide/plugins/com.st.stm32cube.ide.mcu.externaltools.gnu-tools-for-stm32.7-2018-q2-update.win32_1.0.0.201904181610/tools/bin/../lib/gcc/arm-none-eabi/7.3.1/../../../../arm-none-eabi/lib/thumb/v7e-m/fpv4-sp/hard\libc_nano.a(lib_a-sprintf.o)
 .ARM.attributes
                0x00000000000005ea       0x20 c:/st/stm32cubeide_1.3.0/stm32cubeide/plugins/com.st.stm32cube.ide.mcu.externaltools.gnu-tools-for-stm32.7-2018-q2-update.win32_1.0.0.201904181610/tools/bin/../lib/gcc/arm-none-eabi/7.3.1/../../../../arm-none-eabi/lib/thumb/v7e-m/fpv4-sp/hard\libc_nano.a(lib_a-strcmp.o)
 .ARM.attributes
                0x000000000000060a       0x1b c:/st/stm32cubeide_1.3.0/stm32cubeide/plugins/com.st.stm32cube.ide.mcu.externaltools.gnu-tools-for-stm32.7-2018-q2-update.win32_1.0.0.201904181610/tools/bin/../lib/gcc/arm-none-eabi/7.3.1/../../../../arm-none-eabi/lib/thumb/v7e-m/fpv4-sp/hard\libc_nano.a(lib_a-strlen.o)
 .ARM.attributes
                0x0000000000000625       0x34 c:/st/stm32cubeide_1.3.0/stm32cubeide/plugins/com.st.stm32cube.ide.mcu.externaltools.gnu-tools-for-stm32.7-2018-q2-update.win32_1.0.0.201904181610/tools/bin/../lib/gcc/arm-none-eabi/7.3.1/../../../../arm-none-eabi/lib/thumb/v7e-m/fpv4-sp/hard\libc_nano.a(lib_a-strtol.o)
 .ARM.attributes